Archive member included to satisfy reference by file (symbol)

c:/st/stm32cubeide_1.10.1/stm32cubeide/plugins/com.st.stm32cube.ide.mcu.externaltools.gnu-tools-for-stm32.10.3-2021.10.win32_1.0.0.202111181127/tools/bin/../lib/gcc/arm-none-eabi/10.3.1/../../../../arm-none-eabi/lib/thumb/v7e-m+fp/hard\libc_nano.a(lib_a-errno.o)
                              ./Core/Src/syscalls.o (__errno)
c:/st/stm32cubeide_1.10.1/stm32cubeide/plugins/com.st.stm32cube.ide.mcu.externaltools.gnu-tools-for-stm32.10.3-2021.10.win32_1.0.0.202111181127/tools/bin/../lib/gcc/arm-none-eabi/10.3.1/../../../../arm-none-eabi/lib/thumb/v7e-m+fp/hard\libc_nano.a(lib_a-exit.o)
                              c:/st/stm32cubeide_1.10.1/stm32cubeide/plugins/com.st.stm32cube.ide.mcu.externaltools.gnu-tools-for-stm32.10.3-2021.10.win32_1.0.0.202111181127/tools/bin/../lib/gcc/arm-none-eabi/10.3.1/../../../../arm-none-eabi/lib/thumb/v7e-m+fp/hard/crt0.o (exit)
c:/st/stm32cubeide_1.10.1/stm32cubeide/plugins/com.st.stm32cube.ide.mcu.externaltools.gnu-tools-for-stm32.10.3-2021.10.win32_1.0.0.202111181127/tools/bin/../lib/gcc/arm-none-eabi/10.3.1/../../../../arm-none-eabi/lib/thumb/v7e-m+fp/hard\libc_nano.a(lib_a-impure.o)
                              c:/st/stm32cubeide_1.10.1/stm32cubeide/plugins/com.st.stm32cube.ide.mcu.externaltools.gnu-tools-for-stm32.10.3-2021.10.win32_1.0.0.202111181127/tools/bin/../lib/gcc/arm-none-eabi/10.3.1/../../../../arm-none-eabi/lib/thumb/v7e-m+fp/hard\libc_nano.a(lib_a-exit.o) (_global_impure_ptr)
c:/st/stm32cubeide_1.10.1/stm32cubeide/plugins/com.st.stm32cube.ide.mcu.externaltools.gnu-tools-for-stm32.10.3-2021.10.win32_1.0.0.202111181127/tools/bin/../lib/gcc/arm-none-eabi/10.3.1/../../../../arm-none-eabi/lib/thumb/v7e-m+fp/hard\libc_nano.a(lib_a-init.o)
                              c:/st/stm32cubeide_1.10.1/stm32cubeide/plugins/com.st.stm32cube.ide.mcu.externaltools.gnu-tools-for-stm32.10.3-2021.10.win32_1.0.0.202111181127/tools/bin/../lib/gcc/arm-none-eabi/10.3.1/../../../../arm-none-eabi/lib/thumb/v7e-m+fp/hard/crt0.o (__libc_init_array)
c:/st/stm32cubeide_1.10.1/stm32cubeide/plugins/com.st.stm32cube.ide.mcu.externaltools.gnu-tools-for-stm32.10.3-2021.10.win32_1.0.0.202111181127/tools/bin/../lib/gcc/arm-none-eabi/10.3.1/../../../../arm-none-eabi/lib/thumb/v7e-m+fp/hard\libc_nano.a(lib_a-memcpy-stub.o)
                              ./Middlewares/Third_Party/FreeRTOS/Source/queue.o (memcpy)
c:/st/stm32cubeide_1.10.1/stm32cubeide/plugins/com.st.stm32cube.ide.mcu.externaltools.gnu-tools-for-stm32.10.3-2021.10.win32_1.0.0.202111181127/tools/bin/../lib/gcc/arm-none-eabi/10.3.1/../../../../arm-none-eabi/lib/thumb/v7e-m+fp/hard\libc_nano.a(lib_a-memset.o)
                              c:/st/stm32cubeide_1.10.1/stm32cubeide/plugins/com.st.stm32cube.ide.mcu.externaltools.gnu-tools-for-stm32.10.3-2021.10.win32_1.0.0.202111181127/tools/bin/../lib/gcc/arm-none-eabi/10.3.1/../../../../arm-none-eabi/lib/thumb/v7e-m+fp/hard/crt0.o (memset)
c:/st/stm32cubeide_1.10.1/stm32cubeide/plugins/com.st.stm32cube.ide.mcu.externaltools.gnu-tools-for-stm32.10.3-2021.10.win32_1.0.0.202111181127/tools/bin/../lib/gcc/arm-none-eabi/10.3.1/../../../../arm-none-eabi/lib/thumb/v7e-m+fp/hard\libc_nano.a(lib_a-printf.o)
                              ./Core/Src/main.o (printf)
c:/st/stm32cubeide_1.10.1/stm32cubeide/plugins/com.st.stm32cube.ide.mcu.externaltools.gnu-tools-for-stm32.10.3-2021.10.win32_1.0.0.202111181127/tools/bin/../lib/gcc/arm-none-eabi/10.3.1/../../../../arm-none-eabi/lib/thumb/v7e-m+fp/hard\libc_nano.a(lib_a-puts.o)
                              ./Core/Src/main.o (puts)
c:/st/stm32cubeide_1.10.1/stm32cubeide/plugins/com.st.stm32cube.ide.mcu.externaltools.gnu-tools-for-stm32.10.3-2021.10.win32_1.0.0.202111181127/tools/bin/../lib/gcc/arm-none-eabi/10.3.1/../../../../arm-none-eabi/lib/thumb/v7e-m+fp/hard\libc_nano.a(lib_a-wbuf.o)
                              c:/st/stm32cubeide_1.10.1/stm32cubeide/plugins/com.st.stm32cube.ide.mcu.externaltools.gnu-tools-for-stm32.10.3-2021.10.win32_1.0.0.202111181127/tools/bin/../lib/gcc/arm-none-eabi/10.3.1/../../../../arm-none-eabi/lib/thumb/v7e-m+fp/hard\libc_nano.a(lib_a-puts.o) (__swbuf_r)
c:/st/stm32cubeide_1.10.1/stm32cubeide/plugins/com.st.stm32cube.ide.mcu.externaltools.gnu-tools-for-stm32.10.3-2021.10.win32_1.0.0.202111181127/tools/bin/../lib/gcc/arm-none-eabi/10.3.1/../../../../arm-none-eabi/lib/thumb/v7e-m+fp/hard\libc_nano.a(lib_a-wsetup.o)
                              c:/st/stm32cubeide_1.10.1/stm32cubeide/plugins/com.st.stm32cube.ide.mcu.externaltools.gnu-tools-for-stm32.10.3-2021.10.win32_1.0.0.202111181127/tools/bin/../lib/gcc/arm-none-eabi/10.3.1/../../../../arm-none-eabi/lib/thumb/v7e-m+fp/hard\libc_nano.a(lib_a-puts.o) (__swsetup_r)
[...]
Memory Configuration

Name             Origin             Length             Attributes
RAM              0x0000000020000000 0x0000000000008000 xrw
FLASH            0x0000000008000000 0x0000000000020000 xr
*default*        0x0000000000000000 0xffffffffffffffff

Linker script and memory map

LOAD c:/st/stm32cubeide_1.10.1/stm32cubeide/plugins/com.st.stm32cube.ide.mcu.externaltools.gnu-tools-for-stm32.10.3-2021.10.win32_1.0.0.202111181127/tools/bin/../lib/gcc/arm-none-eabi/10.3.1/thumb/v7e-m+fp/hard/crti.o
LOAD c:/st/stm32cubeide_1.10.1/stm32cubeide/plugins/com.st.stm32cube.ide.mcu.externaltools.gnu-tools-for-stm32.10.3-2021.10.win32_1.0.0.202111181127/tools/bin/../lib/gcc/arm-none-eabi/10.3.1/thumb/v7e-m+fp/hard/crtbegin.o
LOAD c:/st/stm32cubeide_1.10.1/stm32cubeide/plugins/com.st.stm32cube.ide.mcu.externaltools.gnu-tools-for-stm32.10.3-2021.10.win32_1.0.0.202111181127/tools/bin/../lib/gcc/arm-none-eabi/10.3.1/../../../../arm-none-eabi/lib/thumb/v7e-m+fp/hard/crt0.o
LOAD ./Core/Src/app_freertos.o
LOAD ./Core/Src/gpio.o
LOAD ./Core/Src/i2c.o
LOAD ./Core/Src/main.o
LOAD ./Core/Src/stm32g4xx_hal_msp.o
LOAD ./Core/Src/stm32g4xx_it.o
LOAD ./Core/Src/syscalls.o
LOAD ./Core/Src/sysmem.o
LOAD ./Core/Src/system_stm32g4xx.o
LOAD ./Core/Src/usart.o
LOAD ./Core/Startup/startup_stm32g431rbtx.o
LOAD ./Drivers/STM32G4xx_HAL_Driver/Src/stm32g4xx_hal.o
LOAD ./Drivers/STM32G4xx_HAL_Driver/Src/stm32g4xx_hal_cortex.o
LOAD ./Drivers/STM32G4xx_HAL_Driver/Src/stm32g4xx_hal_dma.o
LOAD ./Drivers/STM32G4xx_HAL_Driver/Src/stm32g4xx_hal_dma_ex.o
LOAD ./Drivers/STM32G4xx_HAL_Driver/Src/stm32g4xx_hal_exti.o
LOAD ./Drivers/STM32G4xx_HAL_Driver/Src/stm32g4xx_hal_flash.o
LOAD ./Drivers/STM32G4xx_HAL_Driver/Src/stm32g4xx_hal_flash_ex.o
LOAD ./Drivers/STM32G4xx_HAL_Driver/Src/stm32g4xx_hal_flash_ramfunc.o
LOAD ./Drivers/STM32G4xx_HAL_Driver/Src/stm32g4xx_hal_gpio.o
LOAD ./Drivers/STM32G4xx_HAL_Driver/Src/stm32g4xx_hal_i2c.o
LOAD ./Drivers/STM32G4xx_HAL_Driver/Src/stm32g4xx_hal_i2c_ex.o
LOAD ./Drivers/STM32G4xx_HAL_Driver/Src/stm32g4xx_hal_pwr.o
LOAD ./Drivers/STM32G4xx_HAL_Driver/Src/stm32g4xx_hal_pwr_ex.o
LOAD ./Drivers/STM32G4xx_HAL_Driver/Src/stm32g4xx_hal_rcc.o
LOAD ./Drivers/STM32G4xx_HAL_Driver/Src/stm32g4xx_hal_rcc_ex.o
LOAD ./Drivers/STM32G4xx_HAL_Driver/Src/stm32g4xx_hal_tim.o
LOAD ./Drivers/STM32G4xx_HAL_Driver/Src/stm32g4xx_hal_tim_ex.o
LOAD ./Drivers/STM32G4xx_HAL_Driver/Src/stm32g4xx_hal_uart.o
LOAD ./Drivers/STM32G4xx_HAL_Driver/Src/stm32g4xx_hal_uart_ex.o
LOAD ./Middlewares/Third_Party/FreeRTOS/Source/CMSIS_RTOS/cmsis_os.o
LOAD ./Middlewares/Third_Party/FreeRTOS/Source/croutine.o
LOAD ./Middlewares/Third_Party/FreeRTOS/Source/event_groups.o
LOAD ./Middlewares/Third_Party/FreeRTOS/Source/list.o
LOAD ./Middlewares/Third_Party/FreeRTOS/Source/queue.o
LOAD ./Middlewares/Third_Party/FreeRTOS/Source/stream_buffer.o
LOAD ./Middlewares/Third_Party/FreeRTOS/Source/tasks.o
LOAD ./Middlewares/Third_Party/FreeRTOS/Source/timers.o
LOAD ./Middlewares/Third_Party/FreeRTOS/Source/portable/GCC/ARM_CM4F/port.o
LOAD ./Middlewares/Third_Party/FreeRTOS/Source/portable/MemMang/heap_4.o
START GROUP
LOAD c:/st/stm32cubeide_1.10.1/stm32cubeide/plugins/com.st.stm32cube.ide.mcu.externaltools.gnu-tools-for-stm32.10.3-2021.10.win32_1.0.0.202111181127/tools/bin/../lib/gcc/arm-none-eabi/10.3.1/../../../../arm-none-eabi/lib/thumb/v7e-m+fp/hard\libc_nano.a
LOAD c:/st/stm32cubeide_1.10.1/stm32cubeide/plugins/com.st.stm32cube.ide.mcu.externaltools.gnu-tools-for-stm32.10.3-2021.10.win32_1.0.0.202111181127/tools/bin/../lib/gcc/arm-none-eabi/10.3.1/../../../../arm-none-eabi/lib/thumb/v7e-m+fp/hard\libm.a
END GROUP
START GROUP
LOAD c:/st/stm32cubeide_1.10.1/stm32cubeide/plugins/com.st.stm32cube.ide.mcu.externaltools.gnu-tools-for-stm32.10.3-2021.10.win32_1.0.0.202111181127/tools/bin/../lib/gcc/arm-none-eabi/10.3.1/thumb/v7e-m+fp/hard\libgcc.a
LOAD c:/st/stm32cubeide_1.10.1/stm32cubeide/plugins/com.st.stm32cube.ide.mcu.externaltools.gnu-tools-for-stm32.10.3-2021.10.win32_1.0.0.202111181127/tools/bin/../lib/gcc/arm-none-eabi/10.3.1/../../../../arm-none-eabi/lib/thumb/v7e-m+fp/hard\libc_nano.a
END GROUP
START GROUP
LOAD c:/st/stm32cubeide_1.10.1/stm32cubeide/plugins/com.st.stm32cube.ide.mcu.externaltools.gnu-tools-for-stm32.10.3-2021.10.win32_1.0.0.202111181127/tools/bin/../lib/gcc/arm-none-eabi/10.3.1/thumb/v7e-m+fp/hard\libgcc.a
LOAD c:/st/stm32cubeide_1.10.1/stm32cubeide/plugins/com.st.stm32cube.ide.mcu.externaltools.gnu-tools-for-stm32.10.3-2021.10.win32_1.0.0.202111181127/tools/bin/../lib/gcc/arm-none-eabi/10.3.1/../../../../arm-none-eabi/lib/thumb/v7e-m+fp/hard\libc_nano.a
LOAD c:/st/stm32cubeide_1.10.1/stm32cubeide/plugins/com.st.stm32cube.ide.mcu.externaltools.gnu-tools-for-stm32.10.3-2021.10.win32_1.0.0.202111181127/tools/bin/../lib/gcc/arm-none-eabi/10.3.1/../../../../arm-none-eabi/lib/thumb/v7e-m+fp/hard\libnosys.a
END GROUP
START GROUP
LOAD c:/st/stm32cubeide_1.10.1/stm32cubeide/plugins/com.st.stm32cube.ide.mcu.externaltools.gnu-tools-for-stm32.10.3-2021.10.win32_1.0.0.202111181127/tools/bin/../lib/gcc/arm-none-eabi/10.3.1/thumb/v7e-m+fp/hard\libgcc.a
LOAD c:/st/stm32cubeide_1.10.1/stm32cubeide/plugins/com.st.stm32cube.ide.mcu.externaltools.gnu-tools-for-stm32.10.3-2021.10.win32_1.0.0.202111181127/tools/bin/../lib/gcc/arm-none-eabi/10.3.1/../../../../arm-none-eabi/lib/thumb/v7e-m+fp/hard\libc_nano.a
LOAD c:/st/stm32cubeide_1.10.1/stm32cubeide/plugins/com.st.stm32cube.ide.mcu.externaltools.gnu-tools-for-stm32.10.3-2021.10.win32_1.0.0.202111181127/tools/bin/../lib/gcc/arm-none-eabi/10.3.1/../../../../arm-none-eabi/lib/thumb/v7e-m+fp/hard\libnosys.a
END GROUP
LOAD c:/st/stm32cubeide_1.10.1/stm32cubeide/plugins/com.st.stm32cube.ide.mcu.externaltools.gnu-tools-for-stm32.10.3-2021.10.win32_1.0.0.202111181127/tools/bin/../lib/gcc/arm-none-eabi/10.3.1/thumb/v7e-m+fp/hard/crtend.o
LOAD c:/st/stm32cubeide_1.10.1/stm32cubeide/plugins/com.st.stm32cube.ide.mcu.externaltools.gnu-tools-for-stm32.10.3-2021.10.win32_1.0.0.202111181127/tools/bin/../lib/gcc/arm-none-eabi/10.3.1/thumb/v7e-m+fp/hard/crtn.o
                0x0000000020008000                _estack = (ORIGIN (RAM) + LENGTH (RAM))
                0x0000000000000200                _Min_Heap_Size = 0x200
                0x0000000000000400                _Min_Stack_Size = 0x400

.isr_vector     0x0000000008000000      0x1d8
                0x0000000008000000                . = ALIGN (0x4)
 *(.isr_vector)
 .isr_vector    0x0000000008000000      0x1d8 ./Core/Startup/startup_stm32g431rbtx.o
                0x0000000008000000                g_pfnVectors
                0x00000000080001d8                . = ALIGN (0x4)

.text           0x00000000080001e0     0x5f90
                0x00000000080001e0                . = ALIGN (0x4)
 *(.text)
 .text          0x00000000080001e0       0x40 c:/st/stm32cubeide_1.10.1/stm32cubeide/plugins/com.st.stm32cube.ide.mcu.externaltools.gnu-tools-for-stm32.10.3-2021.10.win32_1.0.0.202111181127/tools/bin/../lib/gcc/arm-none-eabi/10.3.1/thumb/v7e-m+fp/hard/crtbegin.o
 .text          0x0000000008000220       0xa0 c:/st/stm32cubeide_1.10.1/stm32cubeide/plugins/com.st.stm32cube.ide.mcu.externaltools.gnu-tools-for-stm32.10.3-2021.10.win32_1.0.0.202111181127/tools/bin/../lib/gcc/arm-none-eabi/10.3.1/../../../../arm-none-eabi/lib/thumb/v7e-m+fp/hard\libc_nano.a(lib_a-memchr.o)
                0x0000000008000220                memchr
 .text          0x00000000080002c0       0x30 c:/st/stm32cubeide_1.10.1/stm32cubeide/plugins/com.st.stm32cube.ide.mcu.externaltools.gnu-tools-for-stm32.10.3-2021.10.win32_1.0.0.202111181127/tools/bin/../lib/gcc/arm-none-eabi/10.3.1/thumb/v7e-m+fp/hard\libgcc.a(_aeabi_uldivmod.o)
                0x00000000080002c0                __aeabi_uldivmod
 .text          0x00000000080002f0      0x2d0 c:/st/stm32cubeide_1.10.1/stm32cubeide/plugins/com.st.stm32cube.ide.mcu.externaltools.gnu-tools-for-stm32.10.3-2021.10.win32_1.0.0.202111181127/tools/bin/../lib/gcc/arm-none-eabi/10.3.1/thumb/v7e-m+fp/hard\libgcc.a(_udivmoddi4.o)
                0x00000000080002f0                __udivmoddi4
 .text          0x00000000080005c0        0x4 c:/st/stm32cubeide_1.10.1/stm32cubeide/plugins/com.st.stm32cube.ide.mcu.externaltools.gnu-tools-for-stm32.10.3-2021.10.win32_1.0.0.202111181127/tools/bin/../lib/gcc/arm-none-eabi/10.3.1/thumb/v7e-m+fp/hard\libgcc.a(_dvmd_tls.o)
                0x00000000080005c0                __aeabi_idiv0
                0x00000000080005c0                __aeabi_ldiv0
 *(.text*)
 .text.MX_FREERTOS_Init
                0x00000000080005c4       0x34 ./Core/Src/app_freertos.o
                0x00000000080005c4                MX_FREERTOS_Init
 .text.StartDefaultTask
                0x00000000080005f8       0x10 ./Core/Src/app_freertos.o
                0x00000000080005f8                StartDefaultTask
 .text.MX_GPIO_Init
                0x0000000008000608       0xf0 ./Core/Src/gpio.o
                0x0000000008000608                MX_GPIO_Init
 .text.MX_I2C1_Init
                0x00000000080006f8       0x80 ./Core/Src/i2c.o
                0x00000000080006f8                MX_I2C1_Init
 .text.HAL_I2C_MspInit
                0x0000000008000778       0xb4 ./Core/Src/i2c.o
                0x0000000008000778                HAL_I2C_MspInit
 .text.__io_putchar
                0x000000000800082c       0x24 ./Core/Src/main.o
                0x000000000800082c                __io_putchar
 .text.main     0x0000000008000850      0x13c ./Core/Src/main.o
                0x0000000008000850                main
 .text.SystemClock_Config
                0x000000000800098c       0x96 ./Core/Src/main.o
                0x000000000800098c                SystemClock_Config
 .text.Error_Handler
                0x0000000008000a22        0xe ./Core/Src/main.o
                0x0000000008000a22                Error_Handler
 .text.HAL_MspInit
                0x0000000008000a30       0x54 ./Core/Src/stm32g4xx_hal_msp.o
                0x0000000008000a30                HAL_MspInit
 .text.NMI_Handler
                0x0000000008000a84        0x6 ./Core/Src/stm32g4xx_it.o
                0x0000000008000a84                NMI_Handler
 .text.HardFault_Handler
                0x0000000008000a8a        0x6 ./Core/Src/stm32g4xx_it.o
                0x0000000008000a8a                HardFault_Handler
 .text.MemManage_Handler
                0x0000000008000a90        0x6 ./Core/Src/stm32g4xx_it.o
                0x0000000008000a90                MemManage_Handler
 .text.BusFault_Handler
                0x0000000008000a96        0x6 ./Core/Src/stm32g4xx_it.o
                0x0000000008000a96                BusFault_Handler
 .text.UsageFault_Handler
                0x0000000008000a9c        0x6 ./Core/Src/stm32g4xx_it.o
                0x0000000008000a9c                UsageFault_Handler
 .text.DebugMon_Handler
                0x0000000008000aa2        0xe ./Core/Src/stm32g4xx_it.o
                0x0000000008000aa2                DebugMon_Handler
 .text.SysTick_Handler
                0x0000000008000ab0       0x1a ./Core/Src/stm32g4xx_it.o
                0x0000000008000ab0                SysTick_Handler
 .text._read    0x0000000008000aca       0x3a ./Core/Src/syscalls.o
                0x0000000008000aca                _read
 .text._write   0x0000000008000b04       0x38 ./Core/Src/syscalls.o
                0x0000000008000b04                _write
 .text._close   0x0000000008000b3c       0x18 ./Core/Src/syscalls.o
                0x0000000008000b3c                _close
 .text._fstat   0x0000000008000b54       0x20 ./Core/Src/syscalls.o
                0x0000000008000b54                _fstat
 .text._isatty  0x0000000008000b74       0x16 ./Core/Src/syscalls.o
                0x0000000008000b74                _isatty
 .text._lseek   0x0000000008000b8a       0x1a ./Core/Src/syscalls.o
                0x0000000008000b8a                _lseek
 .text._sbrk    0x0000000008000ba4       0x6c ./Core/Src/sysmem.o
                0x0000000008000ba4                _sbrk
 .text.SystemInit
                0x0000000008000c10       0x24 ./Core/Src/system_stm32g4xx.o
                0x0000000008000c10                SystemInit
 .text.MX_USART2_UART_Init
                0x0000000008000c34       0x98 ./Core/Src/usart.o
                0x0000000008000c34                MX_USART2_UART_Init
 .text.HAL_UART_MspInit
                0x0000000008000ccc       0xb0 ./Core/Src/usart.o
                0x0000000008000ccc                HAL_UART_MspInit
 .text.Reset_Handler
                0x0000000008000d7c       0x50 ./Core/Startup/startup_stm32g431rbtx.o
                0x0000000008000d7c                Reset_Handler
 .text.Default_Handler
                0x0000000008000dcc        0x2 ./Core/Startup/startup_stm32g431rbtx.o
                0x0000000008000dcc                RTC_Alarm_IRQHandler
                0x0000000008000dcc                EXTI2_IRQHandler
                0x0000000008000dcc                TIM8_TRG_COM_IRQHandler
                0x0000000008000dcc                TIM8_CC_IRQHandler
                0x0000000008000dcc                TIM1_CC_IRQHandler
                0x0000000008000dcc                USB_HP_IRQHandler
                0x0000000008000dcc                CORDIC_IRQHandler
                0x0000000008000dcc                EXTI3_IRQHandler
                0x0000000008000dcc                I2C3_ER_IRQHandler
                0x0000000008000dcc                EXTI0_IRQHandler
                0x0000000008000dcc                I2C2_EV_IRQHandler
                0x0000000008000dcc                FPU_IRQHandler
                0x0000000008000dcc                FDCAN1_IT1_IRQHandler
                0x0000000008000dcc                TIM1_UP_TIM16_IRQHandler
                0x0000000008000dcc                ADC1_2_IRQHandler
                0x0000000008000dcc                SPI1_IRQHandler
                0x0000000008000dcc                TIM6_DAC_IRQHandler
                0x0000000008000dcc                TIM8_UP_IRQHandler
                0x0000000008000dcc                DMA2_Channel2_IRQHandler
                0x0000000008000dcc                DMA1_Channel4_IRQHandler
                0x0000000008000dcc                USART3_IRQHandler
                0x0000000008000dcc                TIM4_IRQHandler
                0x0000000008000dcc                DMA2_Channel1_IRQHandler
                0x0000000008000dcc                I2C1_EV_IRQHandler
                0x0000000008000dcc                DMA1_Channel6_IRQHandler
                0x0000000008000dcc                UART4_IRQHandler
                0x0000000008000dcc                DMA2_Channel4_IRQHandler
                0x0000000008000dcc                TIM3_IRQHandler
                0x0000000008000dcc                RCC_IRQHandler
                0x0000000008000dcc                DMA1_Channel1_IRQHandler
                0x0000000008000dcc                Default_Handler
                0x0000000008000dcc                RTC_TAMP_LSECSS_IRQHandler
                0x0000000008000dcc                FMAC_IRQHandler
                0x0000000008000dcc                EXTI15_10_IRQHandler
                0x0000000008000dcc                TIM7_IRQHandler
                0x0000000008000dcc                UCPD1_IRQHandler
                0x0000000008000dcc                I2C3_EV_IRQHandler
                0x0000000008000dcc                EXTI9_5_IRQHandler
                0x0000000008000dcc                RTC_WKUP_IRQHandler
                0x0000000008000dcc                PVD_PVM_IRQHandler
                0x0000000008000dcc                SPI2_IRQHandler
                0x0000000008000dcc                DMA2_Channel5_IRQHandler
                0x0000000008000dcc                CRS_IRQHandler
                0x0000000008000dcc                DMA1_Channel5_IRQHandler
                0x0000000008000dcc                USB_LP_IRQHandler
                0x0000000008000dcc                EXTI4_IRQHandler
                0x0000000008000dcc                RNG_IRQHandler
                0x0000000008000dcc                TIM1_TRG_COM_TIM17_IRQHandler
                0x0000000008000dcc                DMA1_Channel3_IRQHandler
                0x0000000008000dcc                WWDG_IRQHandler
                0x0000000008000dcc                LPUART1_IRQHandler
                0x0000000008000dcc                DMA2_Channel6_IRQHandler
                0x0000000008000dcc                FDCAN1_IT0_IRQHandler
                0x0000000008000dcc                TIM2_IRQHandler
                0x0000000008000dcc                COMP1_2_3_IRQHandler
                0x0000000008000dcc                EXTI1_IRQHandler
                0x0000000008000dcc                USART2_IRQHandler
                0x0000000008000dcc                I2C2_ER_IRQHandler
                0x0000000008000dcc                DMA1_Channel2_IRQHandler
                0x0000000008000dcc                TIM8_BRK_IRQHandler
                0x0000000008000dcc                FLASH_IRQHandler
                0x0000000008000dcc                USART1_IRQHandler
                0x0000000008000dcc                SPI3_IRQHandler
                0x0000000008000dcc                I2C1_ER_IRQHandler
                0x0000000008000dcc                LPTIM1_IRQHandler
                0x0000000008000dcc                DMAMUX_OVR_IRQHandler
                0x0000000008000dcc                USBWakeUp_IRQHandler
                0x0000000008000dcc                SAI1_IRQHandler
                0x0000000008000dcc                DMA2_Channel3_IRQHandler
                0x0000000008000dcc                COMP4_IRQHandler
                0x0000000008000dcc                TIM1_BRK_TIM15_IRQHandler
 .text.HAL_Init
                0x0000000008000dce       0x30 ./Drivers/STM32G4xx_HAL_Driver/Src/stm32g4xx_hal.o
                0x0000000008000dce                HAL_Init
 *fill*         0x0000000008000dfe        0x2 
 .text.HAL_InitTick
                0x0000000008000e00       0x74 ./Drivers/STM32G4xx_HAL_Driver/Src/stm32g4xx_hal.o
                0x0000000008000e00                HAL_InitTick
 .text.HAL_IncTick
                0x0000000008000e74       0x24 ./Drivers/STM32G4xx_HAL_Driver/Src/stm32g4xx_hal.o
                0x0000000008000e74                HAL_IncTick
 .text.HAL_GetTick
                0x0000000008000e98       0x18 ./Drivers/STM32G4xx_HAL_Driver/Src/stm32g4xx_hal.o
                0x0000000008000e98                HAL_GetTick
 .text.HAL_Delay
                0x0000000008000eb0       0x44 ./Drivers/STM32G4xx_HAL_Driver/Src/stm32g4xx_hal.o
                0x0000000008000eb0                HAL_Delay
 .text.__NVIC_SetPriorityGrouping
                0x0000000008000ef4       0x48 ./Drivers/STM32G4xx_HAL_Driver/Src/stm32g4xx_hal_cortex.o
 .text.__NVIC_GetPriorityGrouping
                0x0000000008000f3c       0x1c ./Drivers/STM32G4xx_HAL_Driver/Src/stm32g4xx_hal_cortex.o
 .text.__NVIC_SetPriority
                0x0000000008000f58       0x54 ./Drivers/STM32G4xx_HAL_Driver/Src/stm32g4xx_hal_cortex.o
 .text.NVIC_EncodePriority
                0x0000000008000fac       0x66 ./Drivers/STM32G4xx_HAL_Driver/Src/stm32g4xx_hal_cortex.o
 *fill*         0x0000000008001012        0x2 
 .text.SysTick_Config
                0x0000000008001014       0x44 ./Drivers/STM32G4xx_HAL_Driver/Src/stm32g4xx_hal_cortex.o
 .text.HAL_NVIC_SetPriorityGrouping
                0x0000000008001058       0x16 ./Drivers/STM32G4xx_HAL_Driver/Src/stm32g4xx_hal_cortex.o
                0x0000000008001058                HAL_NVIC_SetPriorityGrouping
 .text.HAL_NVIC_SetPriority
                0x000000000800106e       0x34 ./Drivers/STM32G4xx_HAL_Driver/Src/stm32g4xx_hal_cortex.o
                0x000000000800106e                HAL_NVIC_SetPriority
 .text.HAL_SYSTICK_Config
                0x00000000080010a2       0x18 ./Drivers/STM32G4xx_HAL_Driver/Src/stm32g4xx_hal_cortex.o
                0x00000000080010a2                HAL_SYSTICK_Config
 *fill*         0x00000000080010ba        0x2 
 .text.HAL_GPIO_Init
                0x00000000080010bc      0x304 ./Drivers/STM32G4xx_HAL_Driver/Src/stm32g4xx_hal_gpio.o
                0x00000000080010bc                HAL_GPIO_Init
 .text.HAL_GPIO_WritePin
                0x00000000080013c0       0x30 ./Drivers/STM32G4xx_HAL_Driver/Src/stm32g4xx_hal_gpio.o
                0x00000000080013c0                HAL_GPIO_WritePin
 .text.HAL_I2C_Init
                0x00000000080013f0      0x11e ./Drivers/STM32G4xx_HAL_Driver/Src/stm32g4xx_hal_i2c.o
                0x00000000080013f0                HAL_I2C_Init
 *fill*         0x000000000800150e        0x2 
 .text.HAL_I2C_Master_Transmit
                0x0000000008001510      0x1e8 ./Drivers/STM32G4xx_HAL_Driver/Src/stm32g4xx_hal_i2c.o
                0x0000000008001510                HAL_I2C_Master_Transmit
 .text.HAL_I2C_Master_Receive
                0x00000000080016f8      0x1ec ./Drivers/STM32G4xx_HAL_Driver/Src/stm32g4xx_hal_i2c.o
                0x00000000080016f8                HAL_I2C_Master_Receive
 .text.HAL_I2C_IsDeviceReady
                0x00000000080018e4      0x20e ./Drivers/STM32G4xx_HAL_Driver/Src/stm32g4xx_hal_i2c.o
                0x00000000080018e4                HAL_I2C_IsDeviceReady
 .text.I2C_Flush_TXDR
                0x0000000008001af2       0x48 ./Drivers/STM32G4xx_HAL_Driver/Src/stm32g4xx_hal_i2c.o
 .text.I2C_WaitOnFlagUntilTimeout
                0x0000000008001b3a       0x80 ./Drivers/STM32G4xx_HAL_Driver/Src/stm32g4xx_hal_i2c.o
 .text.I2C_WaitOnTXISFlagUntilTimeout
                0x0000000008001bba       0x80 ./Drivers/STM32G4xx_HAL_Driver/Src/stm32g4xx_hal_i2c.o
 .text.I2C_WaitOnSTOPFlagUntilTimeout
                0x0000000008001c3a       0x78 ./Drivers/STM32G4xx_HAL_Driver/Src/stm32g4xx_hal_i2c.o
 *fill*         0x0000000008001cb2        0x2 
 .text.I2C_WaitOnRXNEFlagUntilTimeout
                0x0000000008001cb4       0xf4 ./Drivers/STM32G4xx_HAL_Driver/Src/stm32g4xx_hal_i2c.o
 .text.I2C_IsErrorOccurred
                0x0000000008001da8      0x1d8 ./Drivers/STM32G4xx_HAL_Driver/Src/stm32g4xx_hal_i2c.o
 .text.I2C_TransferConfig
                0x0000000008001f80       0x64 ./Drivers/STM32G4xx_HAL_Driver/Src/stm32g4xx_hal_i2c.o
 .text.HAL_I2CEx_ConfigAnalogFilter
                0x0000000008001fe4       0x96 ./Drivers/STM32G4xx_HAL_Driver/Src/stm32g4xx_hal_i2c_ex.o
                0x0000000008001fe4                HAL_I2CEx_ConfigAnalogFilter
 .text.HAL_I2CEx_ConfigDigitalFilter
                0x000000000800207a       0x98 ./Drivers/STM32G4xx_HAL_Driver/Src/stm32g4xx_hal_i2c_ex.o
                0x000000000800207a                HAL_I2CEx_ConfigDigitalFilter
 *fill*         0x0000000008002112        0x2 
 .text.HAL_PWREx_ControlVoltageScaling
                0x0000000008002114      0x148 ./Drivers/STM32G4xx_HAL_Driver/Src/stm32g4xx_hal_pwr_ex.o
                0x0000000008002114                HAL_PWREx_ControlVoltageScaling
 .text.HAL_PWREx_DisableUCPDDeadBattery
                0x000000000800225c       0x20 ./Drivers/STM32G4xx_HAL_Driver/Src/stm32g4xx_hal_pwr_ex.o
                0x000000000800225c                HAL_PWREx_DisableUCPDDeadBattery
 .text.HAL_RCC_OscConfig
                0x000000000800227c      0x630 ./Drivers/STM32G4xx_HAL_Driver/Src/stm32g4xx_hal_rcc.o
                0x000000000800227c                HAL_RCC_OscConfig
 .text.HAL_RCC_ClockConfig
                0x00000000080028ac      0x278 ./Drivers/STM32G4xx_HAL_Driver/Src/stm32g4xx_hal_rcc.o
                0x00000000080028ac                HAL_RCC_ClockConfig
 .text.HAL_RCC_GetSysClockFreq
                0x0000000008002b24       0xc4 ./Drivers/STM32G4xx_HAL_Driver/Src/stm32g4xx_hal_rcc.o
                0x0000000008002b24                HAL_RCC_GetSysClockFreq
 .text.HAL_RCC_GetHCLKFreq
                0x0000000008002be8       0x18 ./Drivers/STM32G4xx_HAL_Driver/Src/stm32g4xx_hal_rcc.o
                0x0000000008002be8                HAL_RCC_GetHCLKFreq
 .text.HAL_RCC_GetPCLK1Freq
                0x0000000008002c00       0x2c ./Drivers/STM32G4xx_HAL_Driver/Src/stm32g4xx_hal_rcc.o
                0x0000000008002c00                HAL_RCC_GetPCLK1Freq
 .text.HAL_RCC_GetPCLK2Freq
                0x0000000008002c2c       0x2c ./Drivers/STM32G4xx_HAL_Driver/Src/stm32g4xx_hal_rcc.o
                0x0000000008002c2c                HAL_RCC_GetPCLK2Freq
 .text.RCC_GetSysClockFreqFromPLLSource
                0x0000000008002c58       0x8c ./Drivers/STM32G4xx_HAL_Driver/Src/stm32g4xx_hal_rcc.o
 .text.HAL_RCCEx_PeriphCLKConfig
                0x0000000008002ce4      0x3e0 ./Drivers/STM32G4xx_HAL_Driver/Src/stm32g4xx_hal_rcc_ex.o
                0x0000000008002ce4                HAL_RCCEx_PeriphCLKConfig
 .text.HAL_UART_Init
                0x00000000080030c4       0xa0 ./Drivers/STM32G4xx_HAL_Driver/Src/stm32g4xx_hal_uart.o
                0x00000000080030c4                HAL_UART_Init
 .text.HAL_UART_Transmit
                0x0000000008003164      0x12c ./Drivers/STM32G4xx_HAL_Driver/Src/stm32g4xx_hal_uart.o
                0x0000000008003164                HAL_UART_Transmit
 .text.UART_SetConfig
                0x0000000008003290      0x598 ./Drivers/STM32G4xx_HAL_Driver/Src/stm32g4xx_hal_uart.o
                0x0000000008003290                UART_SetConfig
 .text.UART_AdvFeatureConfig
                0x0000000008003828      0x144 ./Drivers/STM32G4xx_HAL_Driver/Src/stm32g4xx_hal_uart.o
                0x0000000008003828                UART_AdvFeatureConfig
 .text.UART_CheckIdleState
                0x000000000800396c       0x96 ./Drivers/STM32G4xx_HAL_Driver/Src/stm32g4xx_hal_uart.o
                0x000000000800396c                UART_CheckIdleState
 .text.UART_WaitOnFlagUntilTimeout
                0x0000000008003a02      0x190 ./Drivers/STM32G4xx_HAL_Driver/Src/stm32g4xx_hal_uart.o
                0x0000000008003a02                UART_WaitOnFlagUntilTimeout
 .text.HAL_UARTEx_DisableFifoMode
                0x0000000008003b92       0x72 ./Drivers/STM32G4xx_HAL_Driver/Src/stm32g4xx_hal_uart_ex.o
                0x0000000008003b92                HAL_UARTEx_DisableFifoMode
 .text.HAL_UARTEx_SetTxFifoThreshold
                0x0000000008003c04       0x7c ./Drivers/STM32G4xx_HAL_Driver/Src/stm32g4xx_hal_uart_ex.o
                0x0000000008003c04                HAL_UARTEx_SetTxFifoThreshold
 .text.HAL_UARTEx_SetRxFifoThreshold
                0x0000000008003c80       0x7c ./Drivers/STM32G4xx_HAL_Driver/Src/stm32g4xx_hal_uart_ex.o
                0x0000000008003c80                HAL_UARTEx_SetRxFifoThreshold
 .text.UARTEx_SetNbDataToProcess
                0x0000000008003cfc       0x9c ./Drivers/STM32G4xx_HAL_Driver/Src/stm32g4xx_hal_uart_ex.o
 .text.makeFreeRtosPriority
                0x0000000008003d98       0x30 ./Middlewares/Third_Party/FreeRTOS/Source/CMSIS_RTOS/cmsis_os.o
 .text.osKernelStart
                0x0000000008003dc8        0xe ./Middlewares/Third_Party/FreeRTOS/Source/CMSIS_RTOS/cmsis_os.o
                0x0000000008003dc8                osKernelStart
 .text.osThreadCreate
                0x0000000008003dd6       0x4e ./Middlewares/Third_Party/FreeRTOS/Source/CMSIS_RTOS/cmsis_os.o
                0x0000000008003dd6                osThreadCreate
 .text.osDelay  0x0000000008003e24       0x28 ./Middlewares/Third_Party/FreeRTOS/Source/CMSIS_RTOS/cmsis_os.o
                0x0000000008003e24                osDelay
 .text.vListInitialise
                0x0000000008003e4c       0x40 ./Middlewares/Third_Party/FreeRTOS/Source/list.o
                0x0000000008003e4c                vListInitialise
 .text.vListInitialiseItem
                0x0000000008003e8c       0x1a ./Middlewares/Third_Party/FreeRTOS/Source/list.o
                0x0000000008003e8c                vListInitialiseItem
 .text.vListInsertEnd
                0x0000000008003ea6       0x48 ./Middlewares/Third_Party/FreeRTOS/Source/list.o
                0x0000000008003ea6                vListInsertEnd
 .text.vListInsert
                0x0000000008003eee       0x72 ./Middlewares/Third_Party/FreeRTOS/Source/list.o
                0x0000000008003eee                vListInsert
 .text.uxListRemove
                0x0000000008003f60       0x54 ./Middlewares/Third_Party/FreeRTOS/Source/list.o
                0x0000000008003f60                uxListRemove
 .text.xTaskCreate
                0x0000000008003fb4       0x82 ./Middlewares/Third_Party/FreeRTOS/Source/tasks.o
                0x0000000008003fb4                xTaskCreate
 .text.prvInitialiseNewTask
                0x0000000008004036      0x10e ./Middlewares/Third_Party/FreeRTOS/Source/tasks.o
 .text.prvAddNewTaskToReadyList
                0x0000000008004144       0xd4 ./Middlewares/Third_Party/FreeRTOS/Source/tasks.o
 .text.vTaskDelay
                0x0000000008004218       0x68 ./Middlewares/Third_Party/FreeRTOS/Source/tasks.o
                0x0000000008004218                vTaskDelay
 .text.vTaskStartScheduler
                0x0000000008004280       0x90 ./Middlewares/Third_Party/FreeRTOS/Source/tasks.o
                0x0000000008004280                vTaskStartScheduler
 .text.vTaskSuspendAll
                0x0000000008004310       0x1c ./Middlewares/Third_Party/FreeRTOS/Source/tasks.o
                0x0000000008004310                vTaskSuspendAll
 .text.xTaskResumeAll
                0x000000000800432c      0x138 ./Middlewares/Third_Party/FreeRTOS/Source/tasks.o
                0x000000000800432c                xTaskResumeAll
 .text.xTaskIncrementTick
                0x0000000008004464      0x170 ./Middlewares/Third_Party/FreeRTOS/Source/tasks.o
                0x0000000008004464                xTaskIncrementTick
 .text.vTaskSwitchContext
                0x00000000080045d4       0xb8 ./Middlewares/Third_Party/FreeRTOS/Source/tasks.o
                0x00000000080045d4                vTaskSwitchContext
 .text.prvIdleTask
                0x000000000800468c       0x30 ./Middlewares/Third_Party/FreeRTOS/Source/tasks.o
 .text.prvInitialiseTaskLists
                0x00000000080046bc       0x80 ./Middlewares/Third_Party/FreeRTOS/Source/tasks.o
 .text.prvCheckTasksWaitingTermination
                0x000000000800473c       0x5c ./Middlewares/Third_Party/FreeRTOS/Source/tasks.o
 .text.prvDeleteTCB
                0x0000000008004798       0x20 ./Middlewares/Third_Party/FreeRTOS/Source/tasks.o
 .text.prvResetNextTaskUnblockTime
                0x00000000080047b8       0x40 ./Middlewares/Third_Party/FreeRTOS/Source/tasks.o
 .text.xTaskGetSchedulerState
                0x00000000080047f8       0x3c ./Middlewares/Third_Party/FreeRTOS/Source/tasks.o
                0x00000000080047f8                xTaskGetSchedulerState
 .text.prvAddCurrentTaskToDelayedList
                0x0000000008004834       0xcc ./Middlewares/Third_Party/FreeRTOS/Source/tasks.o
 .text.pxPortInitialiseStack
                0x0000000008004900       0x68 ./Middlewares/Third_Party/FreeRTOS/Source/portable/GCC/ARM_CM4F/port.o
                0x0000000008004900                pxPortInitialiseStack
 .text.prvTaskExitError
                0x0000000008004968       0x58 ./Middlewares/Third_Party/FreeRTOS/Source/portable/GCC/ARM_CM4F/port.o
 .text.SVC_Handler
                0x00000000080049c0       0x28 ./Middlewares/Third_Party/FreeRTOS/Source/portable/GCC/ARM_CM4F/port.o
                0x00000000080049c0                SVC_Handler
 .text.prvPortStartFirstTask
                0x00000000080049e8       0x28 ./Middlewares/Third_Party/FreeRTOS/Source/portable/GCC/ARM_CM4F/port.o
 .text.xPortStartScheduler
                0x0000000008004a10      0x144 ./Middlewares/Third_Party/FreeRTOS/Source/portable/GCC/ARM_CM4F/port.o
                0x0000000008004a10                xPortStartScheduler
 .text.vPortEnterCritical
                0x0000000008004b54       0x60 ./Middlewares/Third_Party/FreeRTOS/Source/portable/GCC/ARM_CM4F/port.o
                0x0000000008004b54                vPortEnterCritical
 .text.vPortExitCritical
                0x0000000008004bb4       0x54 ./Middlewares/Third_Party/FreeRTOS/Source/portable/GCC/ARM_CM4F/port.o
                0x0000000008004bb4                vPortExitCritical
 *fill*         0x0000000008004c08        0x8 
 .text.PendSV_Handler
                0x0000000008004c10       0x68 ./Middlewares/Third_Party/FreeRTOS/Source/portable/GCC/ARM_CM4F/port.o
                0x0000000008004c10                PendSV_Handler
 .text.xPortSysTickHandler
                0x0000000008004c78       0x44 ./Middlewares/Third_Party/FreeRTOS/Source/portable/GCC/ARM_CM4F/port.o
                0x0000000008004c78                xPortSysTickHandler
 .text.vPortSetupTimerInterrupt
                0x0000000008004cbc       0x48 ./Middlewares/Third_Party/FreeRTOS/Source/portable/GCC/ARM_CM4F/port.o
                0x0000000008004cbc                vPortSetupTimerInterrupt
 .text.vPortEnableVFP
                0x0000000008004d04       0x14 ./Middlewares/Third_Party/FreeRTOS/Source/portable/GCC/ARM_CM4F/port.o
 .text.pvPortMalloc
                0x0000000008004d18      0x198 ./Middlewares/Third_Party/FreeRTOS/Source/portable/MemMang/heap_4.o
                0x0000000008004d18                pvPortMalloc
 .text.vPortFree
                0x0000000008004eb0       0xc4 ./Middlewares/Third_Party/FreeRTOS/Source/portable/MemMang/heap_4.o
                0x0000000008004eb0                vPortFree
 .text.prvHeapInit
                0x0000000008004f74       0xc4 ./Middlewares/Third_Party/FreeRTOS/Source/portable/MemMang/heap_4.o
 .text.prvInsertBlockIntoFreeList
                0x0000000008005038       0xb4 ./Middlewares/Third_Party/FreeRTOS/Source/portable/MemMang/heap_4.o
 .text.__errno  0x00000000080050ec        0xc c:/st/stm32cubeide_1.10.1/stm32cubeide/plugins/com.st.stm32cube.ide.mcu.externaltools.gnu-tools-for-stm32.10.3-2021.10.win32_1.0.0.202111181127/tools/bin/../lib/gcc/arm-none-eabi/10.3.1/../../../../arm-none-eabi/lib/thumb/v7e-m+fp/hard\libc_nano.a(lib_a-errno.o)
                0x00000000080050ec                __errno
 .text.__libc_init_array
                0x00000000080050f8       0x48 c:/st/stm32cubeide_1.10.1/stm32cubeide/plugins/com.st.stm32cube.ide.mcu.externaltools.gnu-tools-for-stm32.10.3-2021.10.win32_1.0.0.202111181127/tools/bin/../lib/gcc/arm-none-eabi/10.3.1/../../../../arm-none-eabi/lib/thumb/v7e-m+fp/hard\libc_nano.a(lib_a-init.o)
                0x00000000080050f8                __libc_init_array
 .text.memset   0x0000000008005140       0x10 c:/st/stm32cubeide_1.10.1/stm32cubeide/plugins/com.st.stm32cube.ide.mcu.externaltools.gnu-tools-for-stm32.10.3-2021.10.win32_1.0.0.202111181127/tools/bin/../lib/gcc/arm-none-eabi/10.3.1/../../../../arm-none-eabi/lib/thumb/v7e-m+fp/hard\libc_nano.a(lib_a-memset.o)
                0x0000000008005140                memset
 .text.printf   0x0000000008005150       0x30 c:/st/stm32cubeide_1.10.1/stm32cubeide/plugins/com.st.stm32cube.ide.mcu.externaltools.gnu-tools-for-stm32.10.3-2021.10.win32_1.0.0.202111181127/tools/bin/../lib/gcc/arm-none-eabi/10.3.1/../../../../arm-none-eabi/lib/thumb/v7e-m+fp/hard\libc_nano.a(lib_a-printf.o)
                0x0000000008005150                iprintf
                0x0000000008005150                printf
 .text._puts_r  0x0000000008005180       0xdc c:/st/stm32cubeide_1.10.1/stm32cubeide/plugins/com.st.stm32cube.ide.mcu.externaltools.gnu-tools-for-stm32.10.3-2021.10.win32_1.0.0.202111181127/tools/bin/../lib/gcc/arm-none-eabi/10.3.1/../../../../arm-none-eabi/lib/thumb/v7e-m+fp/hard\libc_nano.a(lib_a-puts.o)
                0x0000000008005180                _puts_r
 .text.puts     0x000000000800525c       0x10 c:/st/stm32cubeide_1.10.1/stm32cubeide/plugins/com.st.stm32cube.ide.mcu.externaltools.gnu-tools-for-stm32.10.3-2021.10.win32_1.0.0.202111181127/tools/bin/../lib/gcc/arm-none-eabi/10.3.1/../../../../arm-none-eabi/lib/thumb/v7e-m+fp/hard\libc_nano.a(lib_a-puts.o)
                0x000000000800525c                puts
 .text.__swbuf_r
                0x000000000800526c       0xa4 c:/st/stm32cubeide_1.10.1/stm32cubeide/plugins/com.st.stm32cube.ide.mcu.externaltools.gnu-tools-for-stm32.10.3-2021.10.win32_1.0.0.202111181127/tools/bin/../lib/gcc/arm-none-eabi/10.3.1/../../../../arm-none-eabi/lib/thumb/v7e-m+fp/hard\libc_nano.a(lib_a-wbuf.o)
                0x000000000800526c                __swbuf_r
 .text.__swsetup_r
                0x0000000008005310       0xdc c:/st/stm32cubeide_1.10.1/stm32cubeide/plugins/com.st.stm32cube.ide.mcu.externaltools.gnu-tools-for-stm32.10.3-2021.10.win32_1.0.0.202111181127/tools/bin/../lib/gcc/arm-none-eabi/10.3.1/../../../../arm-none-eabi/lib/thumb/v7e-m+fp/hard\libc_nano.a(lib_a-wsetup.o)
                0x0000000008005310                __swsetup_r
 .text.__sflush_r
                0x00000000080053ec      0x10c c:/st/stm32cubeide_1.10.1/stm32cubeide/plugins/com.st.stm32cube.ide.mcu.externaltools.gnu-tools-for-stm32.10.3-2021.10.win32_1.0.0.202111181127/tools/bin/../lib/gcc/arm-none-eabi/10.3.1/../../../../arm-none-eabi/lib/thumb/v7e-m+fp/hard\libc_nano.a(lib_a-fflush.o)
                0x00000000080053ec                __sflush_r
 .text._fflush_r
                0x00000000080054f8       0x78 c:/st/stm32cubeide_1.10.1/stm32cubeide/plugins/com.st.stm32cube.ide.mcu.externaltools.gnu-tools-for-stm32.10.3-2021.10.win32_1.0.0.202111181127/tools/bin/../lib/gcc/arm-none-eabi/10.3.1/../../../../arm-none-eabi/lib/thumb/v7e-m+fp/hard\libc_nano.a(lib_a-fflush.o)
                0x00000000080054f8                _fflush_r
 .text.std      0x0000000008005570       0x48 c:/st/stm32cubeide_1.10.1/stm32cubeide/plugins/com.st.stm32cube.ide.mcu.externaltools.gnu-tools-for-stm32.10.3-2021.10.win32_1.0.0.202111181127/tools/bin/../lib/gcc/arm-none-eabi/10.3.1/../../../../arm-none-eabi/lib/thumb/v7e-m+fp/hard\libc_nano.a(lib_a-findfp.o)
 .text._cleanup_r
                0x00000000080055b8        0xc c:/st/stm32cubeide_1.10.1/stm32cubeide/plugins/com.st.stm32cube.ide.mcu.externaltools.gnu-tools-for-stm32.10.3-2021.10.win32_1.0.0.202111181127/tools/bin/../lib/gcc/arm-none-eabi/10.3.1/../../../../arm-none-eabi/lib/thumb/v7e-m+fp/hard\libc_nano.a(lib_a-findfp.o)
                0x00000000080055b8                _cleanup_r
 .text.__sfmoreglue
                0x00000000080055c4       0x2c c:/st/stm32cubeide_1.10.1/stm32cubeide/plugins/com.st.stm32cube.ide.mcu.externaltools.gnu-tools-for-stm32.10.3-2021.10.win32_1.0.0.202111181127/tools/bin/../lib/gcc/arm-none-eabi/10.3.1/../../../../arm-none-eabi/lib/thumb/v7e-m+fp/hard\libc_nano.a(lib_a-findfp.o)
                0x00000000080055c4                __sfmoreglue
 .text.__sfp_lock_acquire
                0x00000000080055f0        0xc c:/st/stm32cubeide_1.10.1/stm32cubeide/plugins/com.st.stm32cube.ide.mcu.externaltools.gnu-tools-for-stm32.10.3-2021.10.win32_1.0.0.202111181127/tools/bin/../lib/gcc/arm-none-eabi/10.3.1/../../../../arm-none-eabi/lib/thumb/v7e-m+fp/hard\libc_nano.a(lib_a-findfp.o)
                0x00000000080055f0                __sfp_lock_acquire
 .text.__sfp_lock_release
                0x00000000080055fc        0xc c:/st/stm32cubeide_1.10.1/stm32cubeide/plugins/com.st.stm32cube.ide.mcu.externaltools.gnu-tools-for-stm32.10.3-2021.10.win32_1.0.0.202111181127/tools/bin/../lib/gcc/arm-none-eabi/10.3.1/../../../../arm-none-eabi/lib/thumb/v7e-m+fp/hard\libc_nano.a(lib_a-findfp.o)
                0x00000000080055fc                __sfp_lock_release
 .text.__sinit_lock_acquire
                0x0000000008005608        0xc c:/st/stm32cubeide_1.10.1/stm32cubeide/plugins/com.st.stm32cube.ide.mcu.externaltools.gnu-tools-for-stm32.10.3-2021.10.win32_1.0.0.202111181127/tools/bin/../lib/gcc/arm-none-eabi/10.3.1/../../../../arm-none-eabi/lib/thumb/v7e-m+fp/hard\libc_nano.a(lib_a-findfp.o)
                0x0000000008005608                __sinit_lock_acquire
 .text.__sinit_lock_release
                0x0000000008005614        0xc c:/st/stm32cubeide_1.10.1/stm32cubeide/plugins/com.st.stm32cube.ide.mcu.externaltools.gnu-tools-for-stm32.10.3-2021.10.win32_1.0.0.202111181127/tools/bin/../lib/gcc/arm-none-eabi/10.3.1/../../../../arm-none-eabi/lib/thumb/v7e-m+fp/hard\libc_nano.a(lib_a-findfp.o)
                0x0000000008005614                __sinit_lock_release
 .text.__sinit  0x0000000008005620       0x70 c:/st/stm32cubeide_1.10.1/stm32cubeide/plugins/com.st.stm32cube.ide.mcu.externaltools.gnu-tools-for-stm32.10.3-2021.10.win32_1.0.0.202111181127/tools/bin/../lib/gcc/arm-none-eabi/10.3.1/../../../../arm-none-eabi/lib/thumb/v7e-m+fp/hard\libc_nano.a(lib_a-findfp.o)
                0x0000000008005620                __sinit
 .text.__sfp    0x0000000008005690       0x8c c:/st/stm32cubeide_1.10.1/stm32cubeide/plugins/com.st.stm32cube.ide.mcu.externaltools.gnu-tools-for-stm32.10.3-2021.10.win32_1.0.0.202111181127/tools/bin/../lib/gcc/arm-none-eabi/10.3.1/../../../../arm-none-eabi/lib/thumb/v7e-m+fp/hard\libc_nano.a(lib_a-findfp.o)
                0x0000000008005690                __sfp
 .text._fwalk_reent
                0x000000000800571c       0x3e c:/st/stm32cubeide_1.10.1/stm32cubeide/plugins/com.st.stm32cube.ide.mcu.externaltools.gnu-tools-for-stm32.10.3-2021.10.win32_1.0.0.202111181127/tools/bin/../lib/gcc/arm-none-eabi/10.3.1/../../../../arm-none-eabi/lib/thumb/v7e-m+fp/hard\libc_nano.a(lib_a-fwalk.o)
                0x000000000800571c                _fwalk_reent
 .text.__retarget_lock_init_recursive
                0x000000000800575a        0x2 c:/st/stm32cubeide_1.10.1/stm32cubeide/plugins/com.st.stm32cube.ide.mcu.externaltools.gnu-tools-for-stm32.10.3-2021.10.win32_1.0.0.202111181127/tools/bin/../lib/gcc/arm-none-eabi/10.3.1/../../../../arm-none-eabi/lib/thumb/v7e-m+fp/hard\libc_nano.a(lib_a-lock.o)
                0x000000000800575a                __retarget_lock_init_recursive
 .text.__retarget_lock_acquire_recursive
                0x000000000800575c        0x2 c:/st/stm32cubeide_1.10.1/stm32cubeide/plugins/com.st.stm32cube.ide.mcu.externaltools.gnu-tools-for-stm32.10.3-2021.10.win32_1.0.0.202111181127/tools/bin/../lib/gcc/arm-none-eabi/10.3.1/../../../../arm-none-eabi/lib/thumb/v7e-m+fp/hard\libc_nano.a(lib_a-lock.o)
                0x000000000800575c                __retarget_lock_acquire_recursive
 .text.__retarget_lock_release_recursive
                0x000000000800575e        0x2 c:/st/stm32cubeide_1.10.1/stm32cubeide/plugins/com.st.stm32cube.ide.mcu.externaltools.gnu-tools-for-stm32.10.3-2021.10.win32_1.0.0.202111181127/tools/bin/../lib/gcc/arm-none-eabi/10.3.1/../../../../arm-none-eabi/lib/thumb/v7e-m+fp/hard\libc_nano.a(lib_a-lock.o)
                0x000000000800575e                __retarget_lock_release_recursive
 .text.__swhatbuf_r
                0x0000000008005760       0x4a c:/st/stm32cubeide_1.10.1/stm32cubeide/plugins/com.st.stm32cube.ide.mcu.externaltools.gnu-tools-for-stm32.10.3-2021.10.win32_1.0.0.202111181127/tools/bin/../lib/gcc/arm-none-eabi/10.3.1/../../../../arm-none-eabi/lib/thumb/v7e-m+fp/hard\libc_nano.a(lib_a-makebuf.o)
                0x0000000008005760                __swhatbuf_r
 *fill*         0x00000000080057aa        0x2 
 .text.__smakebuf_r
                0x00000000080057ac       0x80 c:/st/stm32cubeide_1.10.1/stm32cubeide/plugins/com.st.stm32cube.ide.mcu.externaltools.gnu-tools-for-stm32.10.3-2021.10.win32_1.0.0.202111181127/tools/bin/../lib/gcc/arm-none-eabi/10.3.1/../../../../arm-none-eabi/lib/thumb/v7e-m+fp/hard\libc_nano.a(lib_a-makebuf.o)
                0x00000000080057ac                __smakebuf_r
 .text._free_r  0x000000000800582c       0x98 c:/st/stm32cubeide_1.10.1/stm32cubeide/plugins/com.st.stm32cube.ide.mcu.externaltools.gnu-tools-for-stm32.10.3-2021.10.win32_1.0.0.202111181127/tools/bin/../lib/gcc/arm-none-eabi/10.3.1/../../../../arm-none-eabi/lib/thumb/v7e-m+fp/hard\libc_nano.a(lib_a-nano-freer.o)
                0x000000000800582c                _free_r
 .text.sbrk_aligned
                0x00000000080058c4       0x40 c:/st/stm32cubeide_1.10.1/stm32cubeide/plugins/com.st.stm32cube.ide.mcu.externaltools.gnu-tools-for-stm32.10.3-2021.10.win32_1.0.0.202111181127/tools/bin/../lib/gcc/arm-none-eabi/10.3.1/../../../../arm-none-eabi/lib/thumb/v7e-m+fp/hard\libc_nano.a(lib_a-nano-mallocr.o)
 .text._malloc_r
                0x0000000008005904       0xe8 c:/st/stm32cubeide_1.10.1/stm32cubeide/plugins/com.st.stm32cube.ide.mcu.externaltools.gnu-tools-for-stm32.10.3-2021.10.win32_1.0.0.202111181127/tools/bin/../lib/gcc/arm-none-eabi/10.3.1/../../../../arm-none-eabi/lib/thumb/v7e-m+fp/hard\libc_nano.a(lib_a-nano-mallocr.o)
                0x0000000008005904                _malloc_r
 .text.__sfputc_r
                0x00000000080059ec       0x2e c:/st/stm32cubeide_1.10.1/stm32cubeide/plugins/com.st.stm32cube.ide.mcu.externaltools.gnu-tools-for-stm32.10.3-2021.10.win32_1.0.0.202111181127/tools/bin/../lib/gcc/arm-none-eabi/10.3.1/../../../../arm-none-eabi/lib/thumb/v7e-m+fp/hard\libc_nano.a(lib_a-nano-vfprintf.o)
 .text.__sfputs_r
                0x0000000008005a1a       0x24 c:/st/stm32cubeide_1.10.1/stm32cubeide/plugins/com.st.stm32cube.ide.mcu.externaltools.gnu-tools-for-stm32.10.3-2021.10.win32_1.0.0.202111181127/tools/bin/../lib/gcc/arm-none-eabi/10.3.1/../../../../arm-none-eabi/lib/thumb/v7e-m+fp/hard\libc_nano.a(lib_a-nano-vfprintf.o)
                0x0000000008005a1a                __sfputs_r
 *fill*         0x0000000008005a3e        0x2 
 .text._vfprintf_r
                0x0000000008005a40      0x260 c:/st/stm32cubeide_1.10.1/stm32cubeide/plugins/com.st.stm32cube.ide.mcu.externaltools.gnu-tools-for-stm32.10.3-2021.10.win32_1.0.0.202111181127/tools/bin/../lib/gcc/arm-none-eabi/10.3.1/../../../../arm-none-eabi/lib/thumb/v7e-m+fp/hard\libc_nano.a(lib_a-nano-vfprintf.o)
                0x0000000008005a40                _vfprintf_r
                0x0000000008005a40                _vfiprintf_r
 .text._printf_common
                0x0000000008005ca0       0xda c:/st/stm32cubeide_1.10.1/stm32cubeide/plugins/com.st.stm32cube.ide.mcu.externaltools.gnu-tools-for-stm32.10.3-2021.10.win32_1.0.0.202111181127/tools/bin/../lib/gcc/arm-none-eabi/10.3.1/../../../../arm-none-eabi/lib/thumb/v7e-m+fp/hard\libc_nano.a(lib_a-nano-vfprintf_i.o)
                0x0000000008005ca0                _printf_common
 *fill*         0x0000000008005d7a        0x2 
 .text._printf_i
                0x0000000008005d7c      0x24c c:/st/stm32cubeide_1.10.1/stm32cubeide/plugins/com.st.stm32cube.ide.mcu.externaltools.gnu-tools-for-stm32.10.3-2021.10.win32_1.0.0.202111181127/tools/bin/../lib/gcc/arm-none-eabi/10.3.1/../../../../arm-none-eabi/lib/thumb/v7e-m+fp/hard\libc_nano.a(lib_a-nano-vfprintf_i.o)
                0x0000000008005d7c                _printf_i
 .text._sbrk_r  0x0000000008005fc8       0x20 c:/st/stm32cubeide_1.10.1/stm32cubeide/plugins/com.st.stm32cube.ide.mcu.externaltools.gnu-tools-for-stm32.10.3-2021.10.win32_1.0.0.202111181127/tools/bin/../lib/gcc/arm-none-eabi/10.3.1/../../../../arm-none-eabi/lib/thumb/v7e-m+fp/hard\libc_nano.a(lib_a-sbrkr.o)
                0x0000000008005fc8                _sbrk_r
 .text.__sread  0x0000000008005fe8       0x22 c:/st/stm32cubeide_1.10.1/stm32cubeide/plugins/com.st.stm32cube.ide.mcu.externaltools.gnu-tools-for-stm32.10.3-2021.10.win32_1.0.0.202111181127/tools/bin/../lib/gcc/arm-none-eabi/10.3.1/../../../../arm-none-eabi/lib/thumb/v7e-m+fp/hard\libc_nano.a(lib_a-stdio.o)
                0x0000000008005fe8                __sread
 .text.__swrite
                0x000000000800600a       0x38 c:/st/stm32cubeide_1.10.1/stm32cubeide/plugins/com.st.stm32cube.ide.mcu.externaltools.gnu-tools-for-stm32.10.3-2021.10.win32_1.0.0.202111181127/tools/bin/../lib/gcc/arm-none-eabi/10.3.1/../../../../arm-none-eabi/lib/thumb/v7e-m+fp/hard\libc_nano.a(lib_a-stdio.o)
                0x000000000800600a                __swrite
 .text.__sseek  0x0000000008006042       0x24 c:/st/stm32cubeide_1.10.1/stm32cubeide/plugins/com.st.stm32cube.ide.mcu.externaltools.gnu-tools-for-stm32.10.3-2021.10.win32_1.0.0.202111181127/tools/bin/../lib/gcc/arm-none-eabi/10.3.1/../../../../arm-none-eabi/lib/thumb/v7e-m+fp/hard\libc_nano.a(lib_a-stdio.o)
                0x0000000008006042                __sseek
 .text.__sclose
                0x0000000008006066        0x8 c:/st/stm32cubeide_1.10.1/stm32cubeide/plugins/com.st.stm32cube.ide.mcu.externaltools.gnu-tools-for-stm32.10.3-2021.10.win32_1.0.0.202111181127/tools/bin/../lib/gcc/arm-none-eabi/10.3.1/../../../../arm-none-eabi/lib/thumb/v7e-m+fp/hard\libc_nano.a(lib_a-stdio.o)
                0x0000000008006066                __sclose
 *fill*         0x000000000800606e        0x2 
 .text._write_r
                0x0000000008006070       0x24 c:/st/stm32cubeide_1.10.1/stm32cubeide/plugins/com.st.stm32cube.ide.mcu.externaltools.gnu-tools-for-stm32.10.3-2021.10.win32_1.0.0.202111181127/tools/bin/../lib/gcc/arm-none-eabi/10.3.1/../../../../arm-none-eabi/lib/thumb/v7e-m+fp/hard\libc_nano.a(lib_a-writer.o)
                0x0000000008006070                _write_r
 .text._close_r
                0x0000000008006094       0x20 c:/st/stm32cubeide_1.10.1/stm32cubeide/plugins/com.st.stm32cube.ide.mcu.externaltools.gnu-tools-for-stm32.10.3-2021.10.win32_1.0.0.202111181127/tools/bin/../lib/gcc/arm-none-eabi/10.3.1/../../../../arm-none-eabi/lib/thumb/v7e-m+fp/hard\libc_nano.a(lib_a-closer.o)
                0x0000000008006094                _close_r
 .text._fstat_r
                0x00000000080060b4       0x24 c:/st/stm32cubeide_1.10.1/stm32cubeide/plugins/com.st.stm32cube.ide.mcu.externaltools.gnu-tools-for-stm32.10.3-2021.10.win32_1.0.0.202111181127/tools/bin/../lib/gcc/arm-none-eabi/10.3.1/../../../../arm-none-eabi/lib/thumb/v7e-m+fp/hard\libc_nano.a(lib_a-fstatr.o)
                0x00000000080060b4                _fstat_r
 .text._isatty_r
                0x00000000080060d8       0x20 c:/st/stm32cubeide_1.10.1/stm32cubeide/plugins/com.st.stm32cube.ide.mcu.externaltools.gnu-tools-for-stm32.10.3-2021.10.win32_1.0.0.202111181127/tools/bin/../lib/gcc/arm-none-eabi/10.3.1/../../../../arm-none-eabi/lib/thumb/v7e-m+fp/hard\libc_nano.a(lib_a-isattyr.o)
                0x00000000080060d8                _isatty_r
 .text._lseek_r
                0x00000000080060f8       0x24 c:/st/stm32cubeide_1.10.1/stm32cubeide/plugins/com.st.stm32cube.ide.mcu.externaltools.gnu-tools-for-stm32.10.3-2021.10.win32_1.0.0.202111181127/tools/bin/../lib/gcc/arm-none-eabi/10.3.1/../../../../arm-none-eabi/lib/thumb/v7e-m+fp/hard\libc_nano.a(lib_a-lseekr.o)
                0x00000000080060f8                _lseek_r
 .text.__malloc_lock
                0x000000000800611c        0xc c:/st/stm32cubeide_1.10.1/stm32cubeide/plugins/com.st.stm32cube.ide.mcu.externaltools.gnu-tools-for-stm32.10.3-2021.10.win32_1.0.0.202111181127/tools/bin/../lib/gcc/arm-none-eabi/10.3.1/../../../../arm-none-eabi/lib/thumb/v7e-m+fp/hard\libc_nano.a(lib_a-mlock.o)
                0x000000000800611c                __malloc_lock
 .text.__malloc_unlock
                0x0000000008006128        0xc c:/st/stm32cubeide_1.10.1/stm32cubeide/plugins/com.st.stm32cube.ide.mcu.externaltools.gnu-tools-for-stm32.10.3-2021.10.win32_1.0.0.202111181127/tools/bin/../lib/gcc/arm-none-eabi/10.3.1/../../../../arm-none-eabi/lib/thumb/v7e-m+fp/hard\libc_nano.a(lib_a-mlock.o)
                0x0000000008006128                __malloc_unlock
 .text._read_r  0x0000000008006134       0x24 c:/st/stm32cubeide_1.10.1/stm32cubeide/plugins/com.st.stm32cube.ide.mcu.externaltools.gnu-tools-for-stm32.10.3-2021.10.win32_1.0.0.202111181127/tools/bin/../lib/gcc/arm-none-eabi/10.3.1/../../../../arm-none-eabi/lib/thumb/v7e-m+fp/hard\libc_nano.a(lib_a-readr.o)
                0x0000000008006134                _read_r
 *(.glue_7)
 .glue_7        0x0000000008006158        0x0 linker stubs
 *(.glue_7t)
 .glue_7t       0x0000000008006158        0x0 linker stubs
 *(.eh_frame)
 .eh_frame      0x0000000008006158        0x0 c:/st/stm32cubeide_1.10.1/stm32cubeide/plugins/com.st.stm32cube.ide.mcu.externaltools.gnu-tools-for-stm32.10.3-2021.10.win32_1.0.0.202111181127/tools/bin/../lib/gcc/arm-none-eabi/10.3.1/thumb/v7e-m+fp/hard/crtbegin.o
 *(.init)
 .init          0x0000000008006158        0x4 c:/st/stm32cubeide_1.10.1/stm32cubeide/plugins/com.st.stm32cube.ide.mcu.externaltools.gnu-tools-for-stm32.10.3-2021.10.win32_1.0.0.202111181127/tools/bin/../lib/gcc/arm-none-eabi/10.3.1/thumb/v7e-m+fp/hard/crti.o
                0x0000000008006158                _init
 .init          0x000000000800615c        0x8 c:/st/stm32cubeide_1.10.1/stm32cubeide/plugins/com.st.stm32cube.ide.mcu.externaltools.gnu-tools-for-stm32.10.3-2021.10.win32_1.0.0.202111181127/tools/bin/../lib/gcc/arm-none-eabi/10.3.1/thumb/v7e-m+fp/hard/crtn.o
 *(.fini)
 .fini          0x0000000008006164        0x4 c:/st/stm32cubeide_1.10.1/stm32cubeide/plugins/com.st.stm32cube.ide.mcu.externaltools.gnu-tools-for-stm32.10.3-2021.10.win32_1.0.0.202111181127/tools/bin/../lib/gcc/arm-none-eabi/10.3.1/thumb/v7e-m+fp/hard/crti.o
                0x0000000008006164                _fini
 .fini          0x0000000008006168        0x8 c:/st/stm32cubeide_1.10.1/stm32cubeide/plugins/com.st.stm32cube.ide.mcu.externaltools.gnu-tools-for-stm32.10.3-2021.10.win32_1.0.0.202111181127/tools/bin/../lib/gcc/arm-none-eabi/10.3.1/thumb/v7e-m+fp/hard/crtn.o
                0x0000000008006170                . = ALIGN (0x4)
                0x0000000008006170                _etext = .

.vfp11_veneer   0x0000000008006170        0x0
 .vfp11_veneer  0x0000000008006170        0x0 linker stubs

.v4_bx          0x0000000008006170        0x0
 .v4_bx         0x0000000008006170        0x0 linker stubs

.iplt           0x0000000008006170        0x0
 .iplt          0x0000000008006170        0x0 c:/st/stm32cubeide_1.10.1/stm32cubeide/plugins/com.st.stm32cube.ide.mcu.externaltools.gnu-tools-for-stm32.10.3-2021.10.win32_1.0.0.202111181127/tools/bin/../lib/gcc/arm-none-eabi/10.3.1/thumb/v7e-m+fp/hard/crtbegin.o

.rodata         0x0000000008006170      0x1bc
                0x0000000008006170                . = ALIGN (0x4)
 *(.rodata)
 .rodata        0x0000000008006170       0x20 ./Core/Src/app_freertos.o
 .rodata        0x0000000008006190       0xb9 ./Core/Src/main.o
 *fill*         0x0000000008006249        0x3 
 .rodata        0x000000000800624c        0x5 ./Middlewares/Third_Party/FreeRTOS/Source/tasks.o
 *(.rodata*)
 *fill*         0x0000000008006251        0x3 
 .rodata.AHBPrescTable
                0x0000000008006254       0x10 ./Core/Src/system_stm32g4xx.o
                0x0000000008006254                AHBPrescTable
 .rodata.APBPrescTable
                0x0000000008006264        0x8 ./Core/Src/system_stm32g4xx.o
                0x0000000008006264                APBPrescTable
 .rodata.UARTPrescTable
                0x000000000800626c       0x18 ./Drivers/STM32G4xx_HAL_Driver/Src/stm32g4xx_hal_uart.o
                0x000000000800626c                UARTPrescTable
 .rodata.numerator.1
                0x0000000008006284        0x8 ./Drivers/STM32G4xx_HAL_Driver/Src/stm32g4xx_hal_uart_ex.o
 .rodata.denominator.0
                0x000000000800628c        0x8 ./Drivers/STM32G4xx_HAL_Driver/Src/stm32g4xx_hal_uart_ex.o
 .rodata._global_impure_ptr
                0x0000000008006294        0x4 c:/st/stm32cubeide_1.10.1/stm32cubeide/plugins/com.st.stm32cube.ide.mcu.externaltools.gnu-tools-for-stm32.10.3-2021.10.win32_1.0.0.202111181127/tools/bin/../lib/gcc/arm-none-eabi/10.3.1/../../../../arm-none-eabi/lib/thumb/v7e-m+fp/hard\libc_nano.a(lib_a-impure.o)
                0x0000000008006294                _global_impure_ptr
 .rodata.__sf_fake_stderr
                0x0000000008006298       0x20 c:/st/stm32cubeide_1.10.1/stm32cubeide/plugins/com.st.stm32cube.ide.mcu.externaltools.gnu-tools-for-stm32.10.3-2021.10.win32_1.0.0.202111181127/tools/bin/../lib/gcc/arm-none-eabi/10.3.1/../../../../arm-none-eabi/lib/thumb/v7e-m+fp/hard\libc_nano.a(lib_a-findfp.o)
                0x0000000008006298                __sf_fake_stderr
 .rodata.__sf_fake_stdin
                0x00000000080062b8       0x20 c:/st/stm32cubeide_1.10.1/stm32cubeide/plugins/com.st.stm32cube.ide.mcu.externaltools.gnu-tools-for-stm32.10.3-2021.10.win32_1.0.0.202111181127/tools/bin/../lib/gcc/arm-none-eabi/10.3.1/../../../../arm-none-eabi/lib/thumb/v7e-m+fp/hard\libc_nano.a(lib_a-findfp.o)
                0x00000000080062b8                __sf_fake_stdin
 .rodata.__sf_fake_stdout
                0x00000000080062d8       0x20 c:/st/stm32cubeide_1.10.1/stm32cubeide/plugins/com.st.stm32cube.ide.mcu.externaltools.gnu-tools-for-stm32.10.3-2021.10.win32_1.0.0.202111181127/tools/bin/../lib/gcc/arm-none-eabi/10.3.1/../../../../arm-none-eabi/lib/thumb/v7e-m+fp/hard\libc_nano.a(lib_a-findfp.o)
                0x00000000080062d8                __sf_fake_stdout
 .rodata._vfprintf_r.str1.1
                0x00000000080062f8       0x11 c:/st/stm32cubeide_1.10.1/stm32cubeide/plugins/com.st.stm32cube.ide.mcu.externaltools.gnu-tools-for-stm32.10.3-2021.10.win32_1.0.0.202111181127/tools/bin/../lib/gcc/arm-none-eabi/10.3.1/../../../../arm-none-eabi/lib/thumb/v7e-m+fp/hard\libc_nano.a(lib_a-nano-vfprintf.o)
 .rodata._printf_i.str1.1
                0x0000000008006309       0x22 c:/st/stm32cubeide_1.10.1/stm32cubeide/plugins/com.st.stm32cube.ide.mcu.externaltools.gnu-tools-for-stm32.10.3-2021.10.win32_1.0.0.202111181127/tools/bin/../lib/gcc/arm-none-eabi/10.3.1/../../../../arm-none-eabi/lib/thumb/v7e-m+fp/hard\libc_nano.a(lib_a-nano-vfprintf_i.o)
                0x000000000800632c                . = ALIGN (0x4)
 *fill*         0x000000000800632b        0x1 

.ARM.extab      0x000000000800632c        0x0
                0x000000000800632c                . = ALIGN (0x4)
 *(.ARM.extab* .gnu.linkonce.armextab.*)
                0x000000000800632c                . = ALIGN (0x4)

.ARM            0x000000000800632c        0x8
                0x000000000800632c                . = ALIGN (0x4)
                0x000000000800632c                __exidx_start = .
 *(.ARM.exidx*)
 .ARM.exidx     0x000000000800632c        0x8 c:/st/stm32cubeide_1.10.1/stm32cubeide/plugins/com.st.stm32cube.ide.mcu.externaltools.gnu-tools-for-stm32.10.3-2021.10.win32_1.0.0.202111181127/tools/bin/../lib/gcc/arm-none-eabi/10.3.1/thumb/v7e-m+fp/hard\libgcc.a(_udivmoddi4.o)
                0x0000000008006334                __exidx_end = .
                0x0000000008006334                . = ALIGN (0x4)

.rel.dyn        0x0000000008006334        0x0
 .rel.iplt      0x0000000008006334        0x0 c:/st/stm32cubeide_1.10.1/stm32cubeide/plugins/com.st.stm32cube.ide.mcu.externaltools.gnu-tools-for-stm32.10.3-2021.10.win32_1.0.0.202111181127/tools/bin/../lib/gcc/arm-none-eabi/10.3.1/thumb/v7e-m+fp/hard/crtbegin.o

.preinit_array  0x0000000008006334        0x0
                0x0000000008006334                . = ALIGN (0x4)
                0x0000000008006334                PROVIDE (__preinit_array_start = .)
 *(.preinit_array*)
                0x0000000008006334                PROVIDE (__preinit_array_end = .)
                0x0000000008006334                . = ALIGN (0x4)

.init_array     0x0000000008006334        0x4
                0x0000000008006334                . = ALIGN (0x4)
                0x0000000008006334                PROVIDE (__init_array_start = .)
 *(SORT_BY_NAME(.init_array.*))
 *(.init_array*)
 .init_array    0x0000000008006334        0x4 c:/st/stm32cubeide_1.10.1/stm32cubeide/plugins/com.st.stm32cube.ide.mcu.externaltools.gnu-tools-for-stm32.10.3-2021.10.win32_1.0.0.202111181127/tools/bin/../lib/gcc/arm-none-eabi/10.3.1/thumb/v7e-m+fp/hard/crtbegin.o
                0x0000000008006338                PROVIDE (__init_array_end = .)
                0x0000000008006338                . = ALIGN (0x4)

.fini_array     0x0000000008006338        0x4
                0x0000000008006338                . = ALIGN (0x4)
                [!provide]                        PROVIDE (__fini_array_start = .)
 *(SORT_BY_NAME(.fini_array.*))
 *(.fini_array*)
 .fini_array    0x0000000008006338        0x4 c:/st/stm32cubeide_1.10.1/stm32cubeide/plugins/com.st.stm32cube.ide.mcu.externaltools.gnu-tools-for-stm32.10.3-2021.10.win32_1.0.0.202111181127/tools/bin/../lib/gcc/arm-none-eabi/10.3.1/thumb/v7e-m+fp/hard/crtbegin.o
                [!provide]                        PROVIDE (__fini_array_end = .)
                0x000000000800633c                . = ALIGN (0x4)
                0x000000000800633c                _sidata = LOADADDR (.data)

.data           0x0000000020000000       0x74 load address 0x000000000800633c
                0x0000000020000000                . = ALIGN (0x4)
                0x0000000020000000                _sdata = .
 *(.data)
 *(.data*)
 .data.SystemCoreClock
                0x0000000020000000        0x4 ./Core/Src/system_stm32g4xx.o
                0x0000000020000000                SystemCoreClock
 .data.uwTickPrio
                0x0000000020000004        0x4 ./Drivers/STM32G4xx_HAL_Driver/Src/stm32g4xx_hal.o
                0x0000000020000004                uwTickPrio
 .data.uwTickFreq
                0x0000000020000008        0x4 ./Drivers/STM32G4xx_HAL_Driver/Src/stm32g4xx_hal.o
                0x0000000020000008                uwTickFreq
 .data.uxCriticalNesting
                0x000000002000000c        0x4 ./Middlewares/Third_Party/FreeRTOS/Source/portable/GCC/ARM_CM4F/port.o
 .data._impure_ptr
                0x0000000020000010        0x4 c:/st/stm32cubeide_1.10.1/stm32cubeide/plugins/com.st.stm32cube.ide.mcu.externaltools.gnu-tools-for-stm32.10.3-2021.10.win32_1.0.0.202111181127/tools/bin/../lib/gcc/arm-none-eabi/10.3.1/../../../../arm-none-eabi/lib/thumb/v7e-m+fp/hard\libc_nano.a(lib_a-impure.o)
                0x0000000020000010                _impure_ptr
 .data.impure_data
                0x0000000020000014       0x60 c:/st/stm32cubeide_1.10.1/stm32cubeide/plugins/com.st.stm32cube.ide.mcu.externaltools.gnu-tools-for-stm32.10.3-2021.10.win32_1.0.0.202111181127/tools/bin/../lib/gcc/arm-none-eabi/10.3.1/../../../../arm-none-eabi/lib/thumb/v7e-m+fp/hard\libc_nano.a(lib_a-impure.o)
 *(.RamFunc)
 *(.RamFunc*)
                0x0000000020000074                . = ALIGN (0x4)
                0x0000000020000074                _edata = .

.igot.plt       0x0000000020000074        0x0 load address 0x00000000080063b0
 .igot.plt      0x0000000020000074        0x0 c:/st/stm32cubeide_1.10.1/stm32cubeide/plugins/com.st.stm32cube.ide.mcu.externaltools.gnu-tools-for-stm32.10.3-2021.10.win32_1.0.0.202111181127/tools/bin/../lib/gcc/arm-none-eabi/10.3.1/thumb/v7e-m+fp/hard/crtbegin.o
                0x0000000020000074                . = ALIGN (0x4)

.bss            0x0000000020000074      0xe68 load address 0x00000000080063b0
                0x0000000020000074                _sbss = .
                0x0000000020000074                __bss_start__ = _sbss
 *(.bss)
 .bss           0x0000000020000074       0x1c c:/st/stm32cubeide_1.10.1/stm32cubeide/plugins/com.st.stm32cube.ide.mcu.externaltools.gnu-tools-for-stm32.10.3-2021.10.win32_1.0.0.202111181127/tools/bin/../lib/gcc/arm-none-eabi/10.3.1/thumb/v7e-m+fp/hard/crtbegin.o
 *(.bss*)
 .bss.defaultTaskHandle
                0x0000000020000090        0x4 ./Core/Src/app_freertos.o
                0x0000000020000090                defaultTaskHandle
 .bss.hi2c1     0x0000000020000094       0x4c ./Core/Src/i2c.o
                0x0000000020000094                hi2c1
 .bss.__sbrk_heap_end
                0x00000000200000e0        0x4 ./Core/Src/sysmem.o
 .bss.huart2    0x00000000200000e4       0x90 ./Core/Src/usart.o
                0x00000000200000e4                huart2
 .bss.uwTick    0x0000000020000174        0x4 ./Drivers/STM32G4xx_HAL_Driver/Src/stm32g4xx_hal.o
                0x0000000020000174                uwTick
 .bss.pxCurrentTCB
                0x0000000020000178        0x4 ./Middlewares/Third_Party/FreeRTOS/Source/tasks.o
                0x0000000020000178                pxCurrentTCB
 .bss.pxReadyTasksLists
                0x000000002000017c       0x8c ./Middlewares/Third_Party/FreeRTOS/Source/tasks.o
 .bss.xDelayedTaskList1
                0x0000000020000208       0x14 ./Middlewares/Third_Party/FreeRTOS/Source/tasks.o
 .bss.xDelayedTaskList2
                0x000000002000021c       0x14 ./Middlewares/Third_Party/FreeRTOS/Source/tasks.o
 .bss.pxDelayedTaskList
                0x0000000020000230        0x4 ./Middlewares/Third_Party/FreeRTOS/Source/tasks.o
 .bss.pxOverflowDelayedTaskList
                0x0000000020000234        0x4 ./Middlewares/Third_Party/FreeRTOS/Source/tasks.o
 .bss.xPendingReadyList
                0x0000000020000238       0x14 ./Middlewares/Third_Party/FreeRTOS/Source/tasks.o
 .bss.xTasksWaitingTermination
                0x000000002000024c       0x14 ./Middlewares/Third_Party/FreeRTOS/Source/tasks.o
 .bss.uxDeletedTasksWaitingCleanUp
                0x0000000020000260        0x4 ./Middlewares/Third_Party/FreeRTOS/Source/tasks.o
 .bss.xSuspendedTaskList
                0x0000000020000264       0x14 ./Middlewares/Third_Party/FreeRTOS/Source/tasks.o
 .bss.uxCurrentNumberOfTasks
                0x0000000020000278        0x4 ./Middlewares/Third_Party/FreeRTOS/Source/tasks.o
 .bss.xTickCount
                0x000000002000027c        0x4 ./Middlewares/Third_Party/FreeRTOS/Source/tasks.o
 .bss.uxTopReadyPriority
                0x0000000020000280        0x4 ./Middlewares/Third_Party/FreeRTOS/Source/tasks.o
 .bss.xSchedulerRunning
                0x0000000020000284        0x4 ./Middlewares/Third_Party/FreeRTOS/Source/tasks.o
 .bss.xPendedTicks
                0x0000000020000288        0x4 ./Middlewares/Third_Party/FreeRTOS/Source/tasks.o
 .bss.xYieldPending
                0x000000002000028c        0x4 ./Middlewares/Third_Party/FreeRTOS/Source/tasks.o
 .bss.xNumOfOverflows
                0x0000000020000290        0x4 ./Middlewares/Third_Party/FreeRTOS/Source/tasks.o
 .bss.uxTaskNumber
                0x0000000020000294        0x4 ./Middlewares/Third_Party/FreeRTOS/Source/tasks.o
 .bss.xNextTaskUnblockTime
                0x0000000020000298        0x4 ./Middlewares/Third_Party/FreeRTOS/Source/tasks.o
 .bss.xIdleTaskHandle
                0x000000002000029c        0x4 ./Middlewares/Third_Party/FreeRTOS/Source/tasks.o
 .bss.uxSchedulerSuspended
                0x00000000200002a0        0x4 ./Middlewares/Third_Party/FreeRTOS/Source/tasks.o
 .bss.ucMaxSysCallPriority
                0x00000000200002a4        0x1 ./Middlewares/Third_Party/FreeRTOS/Source/portable/GCC/ARM_CM4F/port.o
 *fill*         0x00000000200002a5        0x3 
 .bss.ulMaxPRIGROUPValue
                0x00000000200002a8        0x4 ./Middlewares/Third_Party/FreeRTOS/Source/portable/GCC/ARM_CM4F/port.o
 .bss.ucHeap    0x00000000200002ac      0xc00 ./Middlewares/Third_Party/FreeRTOS/Source/portable/MemMang/heap_4.o
 .bss.xStart    0x0000000020000eac        0x8 ./Middlewares/Third_Party/FreeRTOS/Source/portable/MemMang/heap_4.o
 .bss.pxEnd     0x0000000020000eb4        0x4 ./Middlewares/Third_Party/FreeRTOS/Source/portable/MemMang/heap_4.o
 .bss.xFreeBytesRemaining
                0x0000000020000eb8        0x4 ./Middlewares/Third_Party/FreeRTOS/Source/portable/MemMang/heap_4.o
 .bss.xMinimumEverFreeBytesRemaining
                0x0000000020000ebc        0x4 ./Middlewares/Third_Party/FreeRTOS/Source/portable/MemMang/heap_4.o
 .bss.xNumberOfSuccessfulAllocations
                0x0000000020000ec0        0x4 ./Middlewares/Third_Party/FreeRTOS/Source/portable/MemMang/heap_4.o
 .bss.xNumberOfSuccessfulFrees
                0x0000000020000ec4        0x4 ./Middlewares/Third_Party/FreeRTOS/Source/portable/MemMang/heap_4.o
 .bss.xBlockAllocatedBit
                0x0000000020000ec8        0x4 ./Middlewares/Third_Party/FreeRTOS/Source/portable/MemMang/heap_4.o
 .bss.__lock___malloc_recursive_mutex
                0x0000000020000ecc        0x1 c:/st/stm32cubeide_1.10.1/stm32cubeide/plugins/com.st.stm32cube.ide.mcu.externaltools.gnu-tools-for-stm32.10.3-2021.10.win32_1.0.0.202111181127/tools/bin/../lib/gcc/arm-none-eabi/10.3.1/../../../../arm-none-eabi/lib/thumb/v7e-m+fp/hard\libc_nano.a(lib_a-lock.o)
                0x0000000020000ecc                __lock___malloc_recursive_mutex
 .bss.__lock___sfp_recursive_mutex
                0x0000000020000ecd        0x1 c:/st/stm32cubeide_1.10.1/stm32cubeide/plugins/com.st.stm32cube.ide.mcu.externaltools.gnu-tools-for-stm32.10.3-2021.10.win32_1.0.0.202111181127/tools/bin/../lib/gcc/arm-none-eabi/10.3.1/../../../../arm-none-eabi/lib/thumb/v7e-m+fp/hard\libc_nano.a(lib_a-lock.o)
                0x0000000020000ecd                __lock___sfp_recursive_mutex
 .bss.__lock___sinit_recursive_mutex
                0x0000000020000ece        0x1 c:/st/stm32cubeide_1.10.1/stm32cubeide/plugins/com.st.stm32cube.ide.mcu.externaltools.gnu-tools-for-stm32.10.3-2021.10.win32_1.0.0.202111181127/tools/bin/../lib/gcc/arm-none-eabi/10.3.1/../../../../arm-none-eabi/lib/thumb/v7e-m+fp/hard\libc_nano.a(lib_a-lock.o)
                0x0000000020000ece                __lock___sinit_recursive_mutex
 *fill*         0x0000000020000ecf        0x1 
 .bss.__malloc_free_list
                0x0000000020000ed0        0x4 c:/st/stm32cubeide_1.10.1/stm32cubeide/plugins/com.st.stm32cube.ide.mcu.externaltools.gnu-tools-for-stm32.10.3-2021.10.win32_1.0.0.202111181127/tools/bin/../lib/gcc/arm-none-eabi/10.3.1/../../../../arm-none-eabi/lib/thumb/v7e-m+fp/hard\libc_nano.a(lib_a-nano-mallocr.o)
                0x0000000020000ed0                __malloc_free_list
 .bss.__malloc_sbrk_start
                0x0000000020000ed4        0x4 c:/st/stm32cubeide_1.10.1/stm32cubeide/plugins/com.st.stm32cube.ide.mcu.externaltools.gnu-tools-for-stm32.10.3-2021.10.win32_1.0.0.202111181127/tools/bin/../lib/gcc/arm-none-eabi/10.3.1/../../../../arm-none-eabi/lib/thumb/v7e-m+fp/hard\libc_nano.a(lib_a-nano-mallocr.o)
                0x0000000020000ed4                __malloc_sbrk_start
 .bss.errno     0x0000000020000ed8        0x4 c:/st/stm32cubeide_1.10.1/stm32cubeide/plugins/com.st.stm32cube.ide.mcu.externaltools.gnu-tools-for-stm32.10.3-2021.10.win32_1.0.0.202111181127/tools/bin/../lib/gcc/arm-none-eabi/10.3.1/../../../../arm-none-eabi/lib/thumb/v7e-m+fp/hard\libc_nano.a(lib_a-reent.o)
                0x0000000020000ed8                errno
 *(COMMON)
                0x0000000020000edc                . = ALIGN (0x4)
                0x0000000020000edc                _ebss = .
                0x0000000020000edc                __bss_end__ = _ebss

._user_heap_stack
                0x0000000020000edc      0x604 load address 0x00000000080063b0
                0x0000000020000ee0                . = ALIGN (0x8)
 *fill*         0x0000000020000edc        0x4 
                [!provide]                        PROVIDE (end = .)
                0x0000000020000ee0                PROVIDE (_end = .)
                0x00000000200010e0                . = (. + _Min_Heap_Size)
 *fill*         0x0000000020000ee0      0x200 
                0x00000000200014e0                . = (. + _Min_Stack_Size)
 *fill*         0x00000000200010e0      0x400 
                0x00000000200014e0                . = ALIGN (0x8)

/DISCARD/
 libc.a(*)
 libm.a(*)
 libgcc.a(*)

.ARM.attributes
                0x0000000000000000       0x30
 *(.ARM.attributes)
 .ARM.attributes
                0x0000000000000000       0x1e c:/st/stm32cubeide_1.10.1/stm32cubeide/plugins/com.st.stm32cube.ide.mcu.externaltools.gnu-tools-for-stm32.10.3-2021.10.win32_1.0.0.202111181127/tools/bin/../lib/gcc/arm-none-eabi/10.3.1/thumb/v7e-m+fp/hard/crti.o
 .ARM.attributes
                0x000000000000001e       0x34 c:/st/stm32cubeide_1.10.1/stm32cubeide/plugins/com.st.stm32cube.ide.mcu.externaltools.gnu-tools-for-stm32.10.3-2021.10.win32_1.0.0.202111181127/tools/bin/../lib/gcc/arm-none-eabi/10.3.1/thumb/v7e-m+fp/hard/crtbegin.o
 .ARM.attributes
                0x0000000000000052       0x34 ./Core/Src/app_freertos.o
 .ARM.attributes
                0x0000000000000086       0x34 ./Core/Src/gpio.o
 .ARM.attributes
                0x00000000000000ba       0x34 ./Core/Src/i2c.o
 .ARM.attributes
                0x00000000000000ee       0x34 ./Core/Src/main.o
 .ARM.attributes
                0x0000000000000122       0x34 ./Core/Src/stm32g4xx_hal_msp.o
 .ARM.attributes
                0x0000000000000156       0x34 ./Core/Src/stm32g4xx_it.o
 .ARM.attributes
                0x000000000000018a       0x34 ./Core/Src/syscalls.o
 .ARM.attributes
                0x00000000000001be       0x34 ./Core/Src/sysmem.o
 .ARM.attributes
                0x00000000000001f2       0x34 ./Core/Src/system_stm32g4xx.o
 .ARM.attributes
                0x0000000000000226       0x34 ./Core/Src/usart.o
 .ARM.attributes
                0x000000000000025a       0x21 ./Core/Startup/startup_stm32g431rbtx.o
 .ARM.attributes
                0x000000000000027b       0x34 ./Drivers/STM32G4xx_HAL_Driver/Src/stm32g4xx_hal.o
 .ARM.attributes
                0x00000000000002af       0x34 ./Drivers/STM32G4xx_HAL_Driver/Src/stm32g4xx_hal_cortex.o
 .ARM.attributes
                0x00000000000002e3       0x34 ./Drivers/STM32G4xx_HAL_Driver/Src/stm32g4xx_hal_gpio.o
 .ARM.attributes
                0x0000000000000317       0x34 ./Drivers/STM32G4xx_HAL_Driver/Src/stm32g4xx_hal_i2c.o
 .ARM.attributes
                0x000000000000034b       0x34 ./Drivers/STM32G4xx_HAL_Driver/Src/stm32g4xx_hal_i2c_ex.o
 .ARM.attributes
                0x000000000000037f       0x34 ./Drivers/STM32G4xx_HAL_Driver/Src/stm32g4xx_hal_pwr_ex.o
 .ARM.attributes
                0x00000000000003b3       0x34 ./Drivers/STM32G4xx_HAL_Driver/Src/stm32g4xx_hal_rcc.o
 .ARM.attributes
                0x00000000000003e7       0x34 ./Drivers/STM32G4xx_HAL_Driver/Src/stm32g4xx_hal_rcc_ex.o
 .ARM.attributes
                0x000000000000041b       0x34 ./Drivers/STM32G4xx_HAL_Driver/Src/stm32g4xx_hal_uart.o
 .ARM.attributes
                0x000000000000044f       0x34 ./Drivers/STM32G4xx_HAL_Driver/Src/stm32g4xx_hal_uart_ex.o
 .ARM.attributes
                0x0000000000000483       0x34 ./Middlewares/Third_Party/FreeRTOS/Source/CMSIS_RTOS/cmsis_os.o
 .ARM.attributes
                0x00000000000004b7       0x34 ./Middlewares/Third_Party/FreeRTOS/Source/list.o
 .ARM.attributes
                0x00000000000004eb       0x34 ./Middlewares/Third_Party/FreeRTOS/Source/tasks.o
 .ARM.attributes
                0x000000000000051f       0x34 ./Middlewares/Third_Party/FreeRTOS/Source/portable/GCC/ARM_CM4F/port.o
 .ARM.attributes
                0x0000000000000553       0x34 ./Middlewares/Third_Party/FreeRTOS/Source/portable/MemMang/heap_4.o
 .ARM.attributes
                0x0000000000000587       0x34 c:/st/stm32cubeide_1.10.1/stm32cubeide/plugins/com.st.stm32cube.ide.mcu.externaltools.gnu-tools-for-stm32.10.3-2021.10.win32_1.0.0.202111181127/tools/bin/../lib/gcc/arm-none-eabi/10.3.1/../../../../arm-none-eabi/lib/thumb/v7e-m+fp/hard\libc_nano.a(lib_a-errno.o)
 .ARM.attributes
                0x00000000000005bb       0x34 c:/st/stm32cubeide_1.10.1/stm32cubeide/plugins/com.st.stm32cube.ide.mcu.externaltools.gnu-tools-for-stm32.10.3-2021.10.win32_1.0.0.202111181127/tools/bin/../lib/gcc/arm-none-eabi/10.3.1/../../../../arm-none-eabi/lib/thumb/v7e-m+fp/hard\libc_nano.a(lib_a-impure.o)
 .ARM.attributes
                0x00000000000005ef       0x34 c:/st/stm32cubeide_1.10.1/stm32cubeide/plugins/com.st.stm32cube.ide.mcu.externaltools.gnu-tools-for-stm32.10.3-2021.10.win32_1.0.0.202111181127/tools/bin/../lib/gcc/arm-none-eabi/10.3.1/../../../../arm-none-eabi/lib/thumb/v7e-m+fp/hard\libc_nano.a(lib_a-init.o)
 .ARM.attributes
                0x0000000000000623       0x34 c:/st/stm32cubeide_1.10.1/stm32cubeide/plugins/com.st.stm32cube.ide.mcu.externaltools.gnu-tools-for-stm32.10.3-2021.10.win32_1.0.0.202111181127/tools/bin/../lib/gcc/arm-none-eabi/10.3.1/../../../../arm-none-eabi/lib/thumb/v7e-m+fp/hard\libc_nano.a(lib_a-memset.o)
 .ARM.attributes
                0x0000000000000657       0x34 c:/st/stm32cubeide_1.10.1/stm32cubeide/plugins/com.st.stm32cube.ide.mcu.externaltools.gnu-tools-for-stm32.10.3-2021.10.win32_1.0.0.202111181127/tools/bin/../lib/gcc/arm-none-eabi/10.3.1/../../../../arm-none-eabi/lib/thumb/v7e-m+fp/hard\libc_nano.a(lib_a-printf.o)
 .ARM.attributes
                0x000000000000068b       0x34 c:/st/stm32cubeide_1.10.1/stm32cubeide/plugins/com.st.stm32cube.ide.mcu.externaltools.gnu-tools-for-stm32.10.3-2021.10.win32_1.0.0.202111181127/tools/bin/../lib/gcc/arm-none-eabi/10.3.1/../../../../arm-none-eabi/lib/thumb/v7e-m+fp/hard\libc_nano.a(lib_a-puts.o)
 .ARM.attributes
                0x00000000000006bf       0x34 c:/st/stm32cubeide_1.10.1/stm32cubeide/plugins/com.st.stm32cube.ide.mcu.externaltools.gnu-tools-for-stm32.10.3-2021.10.win32_1.0.0.202111181127/tools/bin/../lib/gcc/arm-none-eabi/10.3.1/../../../../arm-none-eabi/lib/thumb/v7e-m+fp/hard\libc_nano.a(lib_a-wbuf.o)
 .ARM.attributes
                0x00000000000006f3       0x34 c:/st/stm32cubeide_1.10.1/stm32cubeide/plugins/com.st.stm32cube.ide.mcu.externaltools.gnu-tools-for-stm32.10.3-2021.10.win32_1.0.0.202111181127/tools/bin/../lib/gcc/arm-none-eabi/10.3.1/../../../../arm-none-eabi/lib/thumb/v7e-m+fp/hard\libc_nano.a(lib_a-wsetup.o)
 .ARM.attributes
                0x0000000000000727       0x34 c:/st/stm32cubeide_1.10.1/stm32cubeide/plugins/com.st.stm32cube.ide.mcu.externaltools.gnu-tools-for-stm32.10.3-2021.10.win32_1.0.0.202111181127/tools/bin/../lib/gcc/arm-none-eabi/10.3.1/../../../../arm-none-eabi/lib/thumb/v7e-m+fp/hard\libc_nano.a(lib_a-fflush.o)
 .ARM.attributes
                0x000000000000075b       0x34 c:/st/stm32cubeide_1.10.1/stm32cubeide/plugins/com.st.stm32cube.ide.mcu.externaltools.gnu-tools-for-stm32.10.3-2021.10.win32_1.0.0.202111181127/tools/bin/../lib/gcc/arm-none-eabi/10.3.1/../../../../arm-none-eabi/lib/thumb/v7e-m+fp/hard\libc_nano.a(lib_a-findfp.o)
 .ARM.attributes
                0x000000000000078f       0x34 c:/st/stm32cubeide_1.10.1/stm32cubeide/plugins/com.st.stm32cube.ide.mcu.externaltools.gnu-tools-for-stm32.10.3-2021.10.win32_1.0.0.202111181127/tools/bin/../lib/gcc/arm-none-eabi/10.3.1/../../../../arm-none-eabi/lib/thumb/v7e-m+fp/hard\libc_nano.a(lib_a-fwalk.o)
 .ARM.attributes
                0x00000000000007c3       0x34 c:/st/stm32cubeide_1.10.1/stm32cubeide/plugins/com.st.stm32cube.ide.mcu.externaltools.gnu-tools-for-stm32.10.3-2021.10.win32_1.0.0.202111181127/tools/bin/../lib/gcc/arm-none-eabi/10.3.1/../../../../arm-none-eabi/lib/thumb/v7e-m+fp/hard\libc_nano.a(lib_a-lock.o)
 .ARM.attributes
                0x00000000000007f7       0x34 c:/st/stm32cubeide_1.10.1/stm32cubeide/plugins/com.st.stm32cube.ide.mcu.externaltools.gnu-tools-for-stm32.10.3-2021.10.win32_1.0.0.202111181127/tools/bin/../lib/gcc/arm-none-eabi/10.3.1/../../../../arm-none-eabi/lib/thumb/v7e-m+fp/hard\libc_nano.a(lib_a-makebuf.o)
 .ARM.attributes
                0x000000000000082b       0x34 c:/st/stm32cubeide_1.10.1/stm32cubeide/plugins/com.st.stm32cube.ide.mcu.externaltools.gnu-tools-for-stm32.10.3-2021.10.win32_1.0.0.202111181127/tools/bin/../lib/gcc/arm-none-eabi/10.3.1/../../../../arm-none-eabi/lib/thumb/v7e-m+fp/hard\libc_nano.a(lib_a-nano-freer.o)
 .ARM.attributes
                0x000000000000085f       0x34 c:/st/stm32cubeide_1.10.1/stm32cubeide/plugins/com.st.stm32cube.ide.mcu.externaltools.gnu-tools-for-stm32.10.3-2021.10.win32_1.0.0.202111181127/tools/bin/../lib/gcc/arm-none-eabi/10.3.1/../../../../arm-none-eabi/lib/thumb/v7e-m+fp/hard\libc_nano.a(lib_a-nano-mallocr.o)
 .ARM.attributes
                0x0000000000000893       0x34 c:/st/stm32cubeide_1.10.1/stm32cubeide/plugins/com.st.stm32cube.ide.mcu.externaltools.gnu-tools-for-stm32.10.3-2021.10.win32_1.0.0.202111181127/tools/bin/../lib/gcc/arm-none-eabi/10.3.1/../../../../arm-none-eabi/lib/thumb/v7e-m+fp/hard\libc_nano.a(lib_a-nano-vfprintf.o)
 .ARM.attributes
                0x00000000000008c7       0x34 c:/st/stm32cubeide_1.10.1/stm32cubeide/plugins/com.st.stm32cube.ide.mcu.externaltools.gnu-tools-for-stm32.10.3-2021.10.win32_1.0.0.202111181127/tools/bin/../lib/gcc/arm-none-eabi/10.3.1/../../../../arm-none-eabi/lib/thumb/v7e-m+fp/hard\libc_nano.a(lib_a-nano-vfprintf_i.o)
 .ARM.attributes
                0x00000000000008fb       0x34 c:/st/stm32cubeide_1.10.1/stm32cubeide/plugins/com.st.stm32cube.ide.mcu.externaltools.gnu-tools-for-stm32.10.3-2021.10.win32_1.0.0.202111181127/tools/bin/../lib/gcc/arm-none-eabi/10.3.1/../../../../arm-none-eabi/lib/thumb/v7e-m+fp/hard\libc_nano.a(lib_a-sbrkr.o)
 .ARM.attributes
                0x000000000000092f       0x34 c:/st/stm32cubeide_1.10.1/stm32cubeide/plugins/com.st.stm32cube.ide.mcu.externaltools.gnu-tools-for-stm32.10.3-2021.10.win32_1.0.0.202111181127/tools/bin/../lib/gcc/arm-none-eabi/10.3.1/../../../../arm-none-eabi/lib/thumb/v7e-m+fp/hard\libc_nano.a(lib_a-stdio.o)
 .ARM.attributes
                0x0000000000000963       0x34 c:/st/stm32cubeide_1.10.1/stm32cubeide/plugins/com.st.stm32cube.ide.mcu.externaltools.gnu-tools-for-stm32.10.3-2021.10.win32_1.0.0.202111181127/tools/bin/../lib/gcc/arm-none-eabi/10.3.1/../../../../arm-none-eabi/lib/thumb/v7e-m+fp/hard\libc_nano.a(lib_a-writer.o)
 .ARM.attributes
                0x0000000000000997       0x34 c:/st/stm32cubeide_1.10.1/stm32cubeide/plugins/com.st.stm32cube.ide.mcu.externaltools.gnu-tools-for-stm32.10.3-2021.10.win32_1.0.0.202111181127/tools/bin/../lib/gcc/arm-none-eabi/10.3.1/../../../../arm-none-eabi/lib/thumb/v7e-m+fp/hard\libc_nano.a(lib_a-closer.o)
 .ARM.attributes
                0x00000000000009cb       0x34 c:/st/stm32cubeide_1.10.1/stm32cubeide/plugins/com.st.stm32cube.ide.mcu.externaltools.gnu-tools-for-stm32.10.3-2021.10.win32_1.0.0.202111181127/tools/bin/../lib/gcc/arm-none-eabi/10.3.1/../../../../arm-none-eabi/lib/thumb/v7e-m+fp/hard\libc_nano.a(lib_a-fstatr.o)
 .ARM.attributes
                0x00000000000009ff       0x34 c:/st/stm32cubeide_1.10.1/stm32cubeide/plugins/com.st.stm32cube.ide.mcu.externaltools.gnu-tools-for-stm32.10.3-2021.10.win32_1.0.0.202111181127/tools/bin/../lib/gcc/arm-none-eabi/10.3.1/../../../../arm-none-eabi/lib/thumb/v7e-m+fp/hard\libc_nano.a(lib_a-isattyr.o)
 .ARM.attributes
                0x0000000000000a33       0x34 c:/st/stm32cubeide_1.10.1/stm32cubeide/plugins/com.st.stm32cube.ide.mcu.externaltools.gnu-tools-for-stm32.10.3-2021.10.win32_1.0.0.202111181127/tools/bin/../lib/gcc/arm-none-eabi/10.3.1/../../../../arm-none-eabi/lib/thumb/v7e-m+fp/hard\libc_nano.a(lib_a-lseekr.o)
 .ARM.attributes
                0x0000000000000a67       0x1c c:/st/stm32cubeide_1.10.1/stm32cubeide/plugins/com.st.stm32cube.ide.mcu.externaltools.gnu-tools-for-stm32.10.3-2021.10.win32_1.0.0.202111181127/tools/bin/../lib/gcc/arm-none-eabi/10.3.1/../../../../arm-none-eabi/lib/thumb/v7e-m+fp/hard\libc_nano.a(lib_a-memchr.o)
 .ARM.attributes
                0x0000000000000a83       0x34 c:/st/stm32cubeide_1.10.1/stm32cubeide/plugins/com.st.stm32cube.ide.mcu.externaltools.gnu-tools-for-stm32.10.3-2021.10.win32_1.0.0.202111181127/tools/bin/../lib/gcc/arm-none-eabi/10.3.1/../../../../arm-none-eabi/lib/thumb/v7e-m+fp/hard\libc_nano.a(lib_a-mlock.o)
 .ARM.attributes
                0x0000000000000ab7       0x34 c:/st/stm32cubeide_1.10.1/stm32cubeide/plugins/com.st.stm32cube.ide.mcu.externaltools.gnu-tools-for-stm32.10.3-2021.10.win32_1.0.0.202111181127/tools/bin/../lib/gcc/arm-none-eabi/10.3.1/../../../../arm-none-eabi/lib/thumb/v7e-m+fp/hard\libc_nano.a(lib_a-readr.o)
 .ARM.attributes
                0x0000000000000aeb       0x34 c:/st/stm32cubeide_1.10.1/stm32cubeide/plugins/com.st.stm32cube.ide.mcu.externaltools.gnu-tools-for-stm32.10.3-2021.10.win32_1.0.0.202111181127/tools/bin/../lib/gcc/arm-none-eabi/10.3.1/../../../../arm-none-eabi/lib/thumb/v7e-m+fp/hard\libc_nano.a(lib_a-reent.o)
 .ARM.attributes
                0x0000000000000b1f       0x1e c:/st/stm32cubeide_1.10.1/stm32cubeide/plugins/com.st.stm32cube.ide.mcu.externaltools.gnu-tools-for-stm32.10.3-2021.10.win32_1.0.0.202111181127/tools/bin/../lib/gcc/arm-none-eabi/10.3.1/thumb/v7e-m+fp/hard\libgcc.a(_aeabi_uldivmod.o)
 .ARM.attributes
                0x0000000000000b3d       0x34 c:/st/stm32cubeide_1.10.1/stm32cubeide/plugins/com.st.stm32cube.ide.mcu.externaltools.gnu-tools-for-stm32.10.3-2021.10.win32_1.0.0.202111181127/tools/bin/../lib/gcc/arm-none-eabi/10.3.1/thumb/v7e-m+fp/hard\libgcc.a(_udivmoddi4.o)
 .ARM.attributes
                0x0000000000000b71       0x1e c:/st/stm32cubeide_1.10.1/stm32cubeide/plugins/com.st.stm32cube.ide.mcu.externaltools.gnu-tools-for-stm32.10.3-2021.10.win32_1.0.0.202111181127/tools/bin/../lib/gcc/arm-none-eabi/10.3.1/thumb/v7e-m+fp/hard\libgcc.a(_dvmd_tls.o)
 .ARM.attributes
                0x0000000000000b8f       0x1e c:/st/stm32cubeide_1.10.1/stm32cubeide/plugins/com.st.stm32cube.ide.mcu.externaltools.gnu-tools-for-stm32.10.3-2021.10.win32_1.0.0.202111181127/tools/bin/../lib/gcc/arm-none-eabi/10.3.1/thumb/v7e-m+fp/hard/crtn.o
OUTPUT(Capteurs-Chaines-de-Mesures.elf elf32-littlearm)
LOAD linker stubs
LOAD c:/st/stm32cubeide_1.10.1/stm32cubeide/plugins/com.st.stm32cube.ide.mcu.externaltools.gnu-tools-for-stm32.10.3-2021.10.win32_1.0.0.202111181127/tools/bin/../lib/gcc/arm-none-eabi/10.3.1/../../../../arm-none-eabi/lib/thumb/v7e-m+fp/hard\libc.a
LOAD c:/st/stm32cubeide_1.10.1/stm32cubeide/plugins/com.st.stm32cube.ide.mcu.externaltools.gnu-tools-for-stm32.10.3-2021.10.win32_1.0.0.202111181127/tools/bin/../lib/gcc/arm-none-eabi/10.3.1/../../../../arm-none-eabi/lib/thumb/v7e-m+fp/hard\libm.a
LOAD c:/st/stm32cubeide_1.10.1/stm32cubeide/plugins/com.st.stm32cube.ide.mcu.externaltools.gnu-tools-for-stm32.10.3-2021.10.win32_1.0.0.202111181127/tools/bin/../lib/gcc/arm-none-eabi/10.3.1/thumb/v7e-m+fp/hard\libgcc.a

.debug_info     0x0000000000000000    0x151e7
 .debug_info    0x0000000000000000      0x2a2 ./Core/Src/app_freertos.o
 .debug_info    0x00000000000002a2      0x515 ./Core/Src/gpio.o
 .debug_info    0x00000000000007b7      0xcfe ./Core/Src/i2c.o
 .debug_info    0x00000000000014b5      0xfd8 ./Core/Src/main.o
 .debug_info    0x000000000000248d      0x53f ./Core/Src/stm32g4xx_hal_msp.o
 .debug_info    0x00000000000029cc      0x126 ./Core/Src/stm32g4xx_it.o
 .debug_info    0x0000000000002af2      0x6e0 ./Core/Src/syscalls.o
 .debug_info    0x00000000000031d2      0x171 ./Core/Src/sysmem.o
 .debug_info    0x0000000000003343      0x59f ./Core/Src/system_stm32g4xx.o
 .debug_info    0x00000000000038e2      0xda9 ./Core/Src/usart.o
 .debug_info    0x000000000000468b       0x22 ./Core/Startup/startup_stm32g431rbtx.o
 .debug_info    0x00000000000046ad      0xae3 ./Drivers/STM32G4xx_HAL_Driver/Src/stm32g4xx_hal.o
 .debug_info    0x0000000000005190      0xdc4 ./Drivers/STM32G4xx_HAL_Driver/Src/stm32g4xx_hal_cortex.o
 .debug_info    0x0000000000005f54      0x82f ./Drivers/STM32G4xx_HAL_Driver/Src/stm32g4xx_hal_gpio.o
 .debug_info    0x0000000000006783     0x22ea ./Drivers/STM32G4xx_HAL_Driver/Src/stm32g4xx_hal_i2c.o
 .debug_info    0x0000000000008a6d      0xb61 ./Drivers/STM32G4xx_HAL_Driver/Src/stm32g4xx_hal_i2c_ex.o
 .debug_info    0x00000000000095ce      0x983 ./Drivers/STM32G4xx_HAL_Driver/Src/stm32g4xx_hal_pwr_ex.o
 .debug_info    0x0000000000009f51      0xc53 ./Drivers/STM32G4xx_HAL_Driver/Src/stm32g4xx_hal_rcc.o
 .debug_info    0x000000000000aba4      0xcfe ./Drivers/STM32G4xx_HAL_Driver/Src/stm32g4xx_hal_rcc_ex.o
 .debug_info    0x000000000000b8a2     0x4936 ./Drivers/STM32G4xx_HAL_Driver/Src/stm32g4xx_hal_uart.o
 .debug_info    0x00000000000101d8     0x1031 ./Drivers/STM32G4xx_HAL_Driver/Src/stm32g4xx_hal_uart_ex.o
 .debug_info    0x0000000000011209     0x17e9 ./Middlewares/Third_Party/FreeRTOS/Source/CMSIS_RTOS/cmsis_os.o
 .debug_info    0x00000000000129f2      0x2d1 ./Middlewares/Third_Party/FreeRTOS/Source/list.o
 .debug_info    0x0000000000012cc3     0x1b12 ./Middlewares/Third_Party/FreeRTOS/Source/tasks.o
 .debug_info    0x00000000000147d5      0x507 ./Middlewares/Third_Party/FreeRTOS/Source/portable/GCC/ARM_CM4F/port.o
 .debug_info    0x0000000000014cdc      0x50b ./Middlewares/Third_Party/FreeRTOS/Source/portable/MemMang/heap_4.o

.debug_abbrev   0x0000000000000000     0x328f
 .debug_abbrev  0x0000000000000000      0x152 ./Core/Src/app_freertos.o
 .debug_abbrev  0x0000000000000152      0x146 ./Core/Src/gpio.o
 .debug_abbrev  0x0000000000000298      0x202 ./Core/Src/i2c.o
 .debug_abbrev  0x000000000000049a      0x270 ./Core/Src/main.o
 .debug_abbrev  0x000000000000070a      0x116 ./Core/Src/stm32g4xx_hal_msp.o
 .debug_abbrev  0x0000000000000820       0xab ./Core/Src/stm32g4xx_it.o
 .debug_abbrev  0x00000000000008cb      0x1b3 ./Core/Src/syscalls.o
 .debug_abbrev  0x0000000000000a7e       0xbb ./Core/Src/sysmem.o
 .debug_abbrev  0x0000000000000b39      0x116 ./Core/Src/system_stm32g4xx.o
 .debug_abbrev  0x0000000000000c4f      0x1fe ./Core/Src/usart.o
 .debug_abbrev  0x0000000000000e4d       0x12 ./Core/Startup/startup_stm32g431rbtx.o
 .debug_abbrev  0x0000000000000e5f      0x269 ./Drivers/STM32G4xx_HAL_Driver/Src/stm32g4xx_hal.o
 .debug_abbrev  0x00000000000010c8      0x30d ./Drivers/STM32G4xx_HAL_Driver/Src/stm32g4xx_hal_cortex.o
 .debug_abbrev  0x00000000000013d5      0x1bb ./Drivers/STM32G4xx_HAL_Driver/Src/stm32g4xx_hal_gpio.o
 .debug_abbrev  0x0000000000001590      0x243 ./Drivers/STM32G4xx_HAL_Driver/Src/stm32g4xx_hal_i2c.o
 .debug_abbrev  0x00000000000017d3      0x1b0 ./Drivers/STM32G4xx_HAL_Driver/Src/stm32g4xx_hal_i2c_ex.o
 .debug_abbrev  0x0000000000001983      0x229 ./Drivers/STM32G4xx_HAL_Driver/Src/stm32g4xx_hal_pwr_ex.o
 .debug_abbrev  0x0000000000001bac      0x2bd ./Drivers/STM32G4xx_HAL_Driver/Src/stm32g4xx_hal_rcc.o
 .debug_abbrev  0x0000000000001e69      0x247 ./Drivers/STM32G4xx_HAL_Driver/Src/stm32g4xx_hal_rcc_ex.o
 .debug_abbrev  0x00000000000020b0      0x2f0 ./Drivers/STM32G4xx_HAL_Driver/Src/stm32g4xx_hal_uart.o
 .debug_abbrev  0x00000000000023a0      0x2bd ./Drivers/STM32G4xx_HAL_Driver/Src/stm32g4xx_hal_uart_ex.o
 .debug_abbrev  0x000000000000265d      0x398 ./Middlewares/Third_Party/FreeRTOS/Source/CMSIS_RTOS/cmsis_os.o
 .debug_abbrev  0x00000000000029f5       0xf2 ./Middlewares/Third_Party/FreeRTOS/Source/list.o
 .debug_abbrev  0x0000000000002ae7      0x33d ./Middlewares/Third_Party/FreeRTOS/Source/tasks.o
 .debug_abbrev  0x0000000000002e24      0x259 ./Middlewares/Third_Party/FreeRTOS/Source/portable/GCC/ARM_CM4F/port.o
 .debug_abbrev  0x000000000000307d      0x212 ./Middlewares/Third_Party/FreeRTOS/Source/portable/MemMang/heap_4.o

.debug_aranges  0x0000000000000000     0x11f0
 .debug_aranges
                0x0000000000000000       0x28 ./Core/Src/app_freertos.o
 .debug_aranges
                0x0000000000000028       0x20 ./Core/Src/gpio.o
 .debug_aranges
                0x0000000000000048       0x30 ./Core/Src/i2c.o
 .debug_aranges
                0x0000000000000078       0x38 ./Core/Src/main.o
 .debug_aranges
                0x00000000000000b0       0x20 ./Core/Src/stm32g4xx_hal_msp.o
 .debug_aranges
                0x00000000000000d0       0x50 ./Core/Src/stm32g4xx_it.o
 .debug_aranges
                0x0000000000000120       0xa8 ./Core/Src/syscalls.o
 .debug_aranges
                0x00000000000001c8       0x20 ./Core/Src/sysmem.o
 .debug_aranges
                0x00000000000001e8       0x28 ./Core/Src/system_stm32g4xx.o
 .debug_aranges
                0x0000000000000210       0x30 ./Core/Src/usart.o
 .debug_aranges
                0x0000000000000240       0x28 ./Core/Startup/startup_stm32g431rbtx.o
 .debug_aranges
                0x0000000000000268      0x130 ./Drivers/STM32G4xx_HAL_Driver/Src/stm32g4xx_hal.o
 .debug_aranges
                0x0000000000000398      0x118 ./Drivers/STM32G4xx_HAL_Driver/Src/stm32g4xx_hal_cortex.o
 .debug_aranges
                0x00000000000004b0       0x58 ./Drivers/STM32G4xx_HAL_Driver/Src/stm32g4xx_hal_gpio.o
 .debug_aranges
                0x0000000000000508      0x290 ./Drivers/STM32G4xx_HAL_Driver/Src/stm32g4xx_hal_i2c.o
 .debug_aranges
                0x0000000000000798       0x48 ./Drivers/STM32G4xx_HAL_Driver/Src/stm32g4xx_hal_i2c_ex.o
 .debug_aranges
                0x00000000000007e0      0x140 ./Drivers/STM32G4xx_HAL_Driver/Src/stm32g4xx_hal_pwr_ex.o
 .debug_aranges
                0x0000000000000920       0x98 ./Drivers/STM32G4xx_HAL_Driver/Src/stm32g4xx_hal_rcc.o
 .debug_aranges
                0x00000000000009b8       0xb0 ./Drivers/STM32G4xx_HAL_Driver/Src/stm32g4xx_hal_rcc_ex.o
 .debug_aranges
                0x0000000000000a68      0x248 ./Drivers/STM32G4xx_HAL_Driver/Src/stm32g4xx_hal_uart.o
 .debug_aranges
                0x0000000000000cb0       0xa0 ./Drivers/STM32G4xx_HAL_Driver/Src/stm32g4xx_hal_uart_ex.o
 .debug_aranges
                0x0000000000000d50      0x1d8 ./Middlewares/Third_Party/FreeRTOS/Source/CMSIS_RTOS/cmsis_os.o
 .debug_aranges
                0x0000000000000f28       0x40 ./Middlewares/Third_Party/FreeRTOS/Source/list.o
 .debug_aranges
                0x0000000000000f68      0x1b0 ./Middlewares/Third_Party/FreeRTOS/Source/tasks.o
 .debug_aranges
                0x0000000000001118       0x80 ./Middlewares/Third_Party/FreeRTOS/Source/portable/GCC/ARM_CM4F/port.o
 .debug_aranges
                0x0000000000001198       0x58 ./Middlewares/Third_Party/FreeRTOS/Source/portable/MemMang/heap_4.o

.debug_ranges   0x0000000000000000     0x1088
 .debug_ranges  0x0000000000000000       0x18 ./Core/Src/app_freertos.o
 .debug_ranges  0x0000000000000018       0x10 ./Core/Src/gpio.o
 .debug_ranges  0x0000000000000028       0x20 ./Core/Src/i2c.o
 .debug_ranges  0x0000000000000048       0x28 ./Core/Src/main.o
 .debug_ranges  0x0000000000000070       0x10 ./Core/Src/stm32g4xx_hal_msp.o
 .debug_ranges  0x0000000000000080       0x40 ./Core/Src/stm32g4xx_it.o
 .debug_ranges  0x00000000000000c0       0x98 ./Core/Src/syscalls.o
 .debug_ranges  0x0000000000000158       0x10 ./Core/Src/sysmem.o
 .debug_ranges  0x0000000000000168       0x18 ./Core/Src/system_stm32g4xx.o
 .debug_ranges  0x0000000000000180       0x20 ./Core/Src/usart.o
 .debug_ranges  0x00000000000001a0       0x20 ./Core/Startup/startup_stm32g431rbtx.o
 .debug_ranges  0x00000000000001c0      0x120 ./Drivers/STM32G4xx_HAL_Driver/Src/stm32g4xx_hal.o
 .debug_ranges  0x00000000000002e0      0x108 ./Drivers/STM32G4xx_HAL_Driver/Src/stm32g4xx_hal_cortex.o
 .debug_ranges  0x00000000000003e8       0x48 ./Drivers/STM32G4xx_HAL_Driver/Src/stm32g4xx_hal_gpio.o
 .debug_ranges  0x0000000000000430      0x280 ./Drivers/STM32G4xx_HAL_Driver/Src/stm32g4xx_hal_i2c.o
 .debug_ranges  0x00000000000006b0       0x38 ./Drivers/STM32G4xx_HAL_Driver/Src/stm32g4xx_hal_i2c_ex.o
 .debug_ranges  0x00000000000006e8      0x130 ./Drivers/STM32G4xx_HAL_Driver/Src/stm32g4xx_hal_pwr_ex.o
 .debug_ranges  0x0000000000000818       0x88 ./Drivers/STM32G4xx_HAL_Driver/Src/stm32g4xx_hal_rcc.o
 .debug_ranges  0x00000000000008a0       0xa0 ./Drivers/STM32G4xx_HAL_Driver/Src/stm32g4xx_hal_rcc_ex.o
 .debug_ranges  0x0000000000000940      0x268 ./Drivers/STM32G4xx_HAL_Driver/Src/stm32g4xx_hal_uart.o